Archive member included because of file (symbol)

c:/software/electronica/arm/eclipsearm/sourcery-g++-lite-arm-2011.03/bin/../lib/gcc/arm-none-eabi/4.5.2\libgcc.a(_divsi3.o)
                              ./44blib.o (__aeabi_idiv)
c:/software/electronica/arm/eclipsearm/sourcery-g++-lite-arm-2011.03/bin/../lib/gcc/arm-none-eabi/4.5.2\libgcc.a(_dvmd_tls.o)
                              c:/software/electronica/arm/eclipsearm/sourcery-g++-lite-arm-2011.03/bin/../lib/gcc/arm-none-eabi/4.5.2\libgcc.a(_divsi3.o) (__aeabi_idiv0)

Allocating common symbols
Common symbol       size              file

led_state           0x4               ./led.o
fileSize            0x4               ./44blib.o
downPt              0x4               ./44blib.o

Memory Configuration

Name             Origin             Length             Attributes
*default*        0x00000000         0xffffffff

Linker script and memory map

LOAD ./44binit.o
LOAD ./44blib.o
LOAD ./8seg.o
LOAD ./boton.o
LOAD ./led.o
LOAD ./main.o
LOAD ./timer.o
START GROUP
LOAD c:/software/electronica/arm/eclipsearm/sourcery-g++-lite-arm-2011.03/bin/../lib/gcc/arm-none-eabi/4.5.2\libgcc.a
LOAD c:/software/electronica/arm/eclipsearm/sourcery-g++-lite-arm-2011.03/bin/../lib/gcc/arm-none-eabi/4.5.2/../../../../arm-none-eabi/lib\libc.a
END GROUP
                0x0c000000                . = 0xc000000
                0x0c000000                Image_RO_Base = .

.text           0x0c000000     0x1470
 *(.text)
 .text          0x0c000000      0x71c ./44binit.o
 .text          0x0c00071c      0x46c ./44blib.o
                0x0c00071c                Delay
                0x0c000854                DelayMs
                0x0c0008b8                Port_Init
                0x0c000a48                malloc
                0x0c000ae8                free
                0x0c000b18                sys_init
 .text          0x0c000b88      0x190 ./8seg.o
                0x0c000b88                D8Led_init
                0x0c000bac                D8Led_symbol
 .text          0x0c000d18      0x200 ./boton.o
                0x0c000d18                EliminaRebotes
                0x0c000d78                Eint4567_init
                0x0c000e4c                Eint4567_ISR
 .text          0x0c000f18      0x23c ./led.o
                0x0c000f18                leds_on
                0x0c000f38                leds_off
                0x0c000f58                led1_on
                0x0c000f98                led1_off
                0x0c000fd8                led2_on
                0x0c001018                led2_off
                0x0c001058                leds_switch
                0x0c001098                Led_Display
 .text          0x0c001154       0x38 ./main.o
                0x0c001154                main
 .text          0x0c00118c      0x198 ./timer.o
                0x0c00118c                timer_ISR
                0x0c001260                timer_init
 .text          0x0c001324      0x148 c:/software/electronica/arm/eclipsearm/sourcery-g++-lite-arm-2011.03/bin/../lib/gcc/arm-none-eabi/4.5.2\libgcc.a(_divsi3.o)
                0x0c001324                __divsi3
                0x0c001324                __aeabi_idiv
                0x0c00144c                __aeabi_idivmod
 .text          0x0c00146c        0x4 c:/software/electronica/arm/eclipsearm/sourcery-g++-lite-arm-2011.03/bin/../lib/gcc/arm-none-eabi/4.5.2\libgcc.a(_dvmd_tls.o)
                0x0c00146c                __aeabi_idiv0
                0x0c00146c                __aeabi_ldiv0
                0x0c001470                Image_RO_Limit = .
                0x0c001470                Image_RW_Base = .

.glue_7         0x0c001470        0x0
 .glue_7        0x00000000        0x0 linker stubs

.glue_7t        0x0c001470        0x0
 .glue_7t       0x00000000        0x0 linker stubs

.vfp11_veneer   0x0c001470        0x0
 .vfp11_veneer  0x00000000        0x0 linker stubs

.v4_bx          0x0c001470        0x0
 .v4_bx         0x00000000        0x0 linker stubs

.data           0x0c001470       0x30
 *(.data)
 .data          0x0c001470        0x6 ./44binit.o
                0x0c001470                BDRAMTYPE
 *fill*         0x0c001476        0x2 00
 .data          0x0c001478        0xc ./44blib.o
                0x0c001478                mallocPt
                0x0c00147c                run
 .data          0x0c001484       0x1c ./8seg.o
                0x0c001484                Symbol
 .data          0x0c0014a0        0x0 ./boton.o
 .data          0x0c0014a0        0x0 ./led.o
 .data          0x0c0014a0        0x0 ./main.o
 .data          0x0c0014a0        0x0 ./timer.o
 .data          0x0c0014a0        0x0 c:/software/electronica/arm/eclipsearm/sourcery-g++-lite-arm-2011.03/bin/../lib/gcc/arm-none-eabi/4.5.2\libgcc.a(_divsi3.o)
 .data          0x0c0014a0        0x0 c:/software/electronica/arm/eclipsearm/sourcery-g++-lite-arm-2011.03/bin/../lib/gcc/arm-none-eabi/4.5.2\libgcc.a(_dvmd_tls.o)

.rodata
 *(.rodata)
                0x0c0014a0                Image_RW_Limit = .
                0x0c0014a0                Image_ZI_Base = .

.bss            0x0c0014a0       0x20
 *(.bss)
 .bss           0x0c0014a0        0x0 ./44binit.o
 .bss           0x0c0014a0        0x4 ./44blib.o
                0x0c0014a0                restart
 .bss           0x0c0014a4        0x0 ./8seg.o
 .bss           0x0c0014a4        0xc ./boton.o
                0x0c0014a4                update
                0x0c0014a8                pausa
                0x0c0014ac                resetsymbol
 .bss           0x0c0014b0        0x0 ./led.o
 .bss           0x0c0014b0        0x4 ./main.o
                0x0c0014b0                symbol
 .bss           0x0c0014b4        0x0 ./timer.o
 .bss           0x0c0014b4        0x0 c:/software/electronica/arm/eclipsearm/sourcery-g++-lite-arm-2011.03/bin/../lib/gcc/arm-none-eabi/4.5.2\libgcc.a(_divsi3.o)
 .bss           0x0c0014b4        0x0 c:/software/electronica/arm/eclipsearm/sourcery-g++-lite-arm-2011.03/bin/../lib/gcc/arm-none-eabi/4.5.2\libgcc.a(_dvmd_tls.o)
 COMMON         0x0c0014b4        0x8 ./44blib.o
                0x0c0014b4                fileSize
                0x0c0014b8                downPt
 COMMON         0x0c0014bc        0x4 ./led.o
                0x0c0014bc                led_state
                0x0c0014c0                Image_ZI_Limit = .
                0x0c0014c0                __bss_start__ = .
                0x0c0014c0                __bss_end__ = .
                0x0c0014c0                __EH_FRAME_BEGIN__ = .
                0x0c0014c0                __EH_FRAME_END__ = .
                0x0c0014c0                PROVIDE (__stack, .)
                0x0c0014c0                end = .
                0x0c0014c0                _end = .

.ARM.attributes
                0x00000000       0x2e
 .ARM.attributes
                0x00000000       0x22 ./44binit.o
 .ARM.attributes
                0x00000022       0x32 ./44blib.o
 .ARM.attributes
                0x00000054       0x32 ./8seg.o
 .ARM.attributes
                0x00000086       0x32 ./boton.o
 .ARM.attributes
                0x000000b8       0x32 ./led.o
 .ARM.attributes
                0x000000ea       0x32 ./main.o
 .ARM.attributes
                0x0000011c       0x32 ./timer.o
 .ARM.attributes
                0x0000014e       0x1a c:/software/electronica/arm/eclipsearm/sourcery-g++-lite-arm-2011.03/bin/../lib/gcc/arm-none-eabi/4.5.2\libgcc.a(_divsi3.o)
 .ARM.attributes
                0x00000168       0x18 c:/software/electronica/arm/eclipsearm/sourcery-g++-lite-arm-2011.03/bin/../lib/gcc/arm-none-eabi/4.5.2\libgcc.a(_dvmd_tls.o)

.comment        0x00000000       0x2a
 .comment       0x00000000       0x2a ./44blib.o
                                 0x2b (size before relaxing)
 .comment       0x00000000       0x2b ./8seg.o
 .comment       0x00000000       0x2b ./boton.o
 .comment       0x00000000       0x2b ./led.o
 .comment       0x00000000       0x2b ./main.o
 .comment       0x00000000       0x2b ./timer.o

.debug_info     0x00000000      0x674
 *(.debug_info)
 .debug_info    0x00000000       0x67 ./44binit.o
 .debug_info    0x00000067      0x229 ./44blib.o
 .debug_info    0x00000290       0x97 ./8seg.o
 .debug_info    0x00000327      0x110 ./boton.o
 .debug_info    0x00000437      0x104 ./led.o
 .debug_info    0x0000053b       0x69 ./main.o
 .debug_info    0x000005a4       0xd0 ./timer.o

.debug_line     0x00000000      0x767
 *(.debug_line)
 .debug_line    0x00000000      0x10e ./44binit.o
 .debug_line    0x0000010e      0x3d8 ./44blib.o
 .debug_line    0x000004e6       0x87 ./8seg.o
 .debug_line    0x0000056d       0x8c ./boton.o
 .debug_line    0x000005f9       0x84 ./led.o
 .debug_line    0x0000067d       0x6e ./main.o
 .debug_line    0x000006eb       0x7c ./timer.o

.debug_abbrev   0x00000000      0x3b2
 *(.debug_abbrev)
 .debug_abbrev  0x00000000       0x14 ./44binit.o
 .debug_abbrev  0x00000014      0x11f ./44blib.o
 .debug_abbrev  0x00000133       0x8a ./8seg.o
 .debug_abbrev  0x000001bd       0x98 ./boton.o
 .debug_abbrev  0x00000255       0x7c ./led.o
 .debug_abbrev  0x000002d1       0x5a ./main.o
 .debug_abbrev  0x0000032b       0x87 ./timer.o

.debug_frame    0x00000000      0x358
 *(.debug_frame)
 .debug_frame   0x00000000       0xd0 ./44blib.o
 .debug_frame   0x000000d0       0x50 ./8seg.o
 .debug_frame   0x00000120       0x7c ./boton.o
 .debug_frame   0x0000019c      0x110 ./led.o
 .debug_frame   0x000002ac       0x30 ./main.o
 .debug_frame   0x000002dc       0x5c ./timer.o
 .debug_frame   0x00000338       0x20 c:/software/electronica/arm/eclipsearm/sourcery-g++-lite-arm-2011.03/bin/../lib/gcc/arm-none-eabi/4.5.2\libgcc.a(_divsi3.o)
OUTPUT(Practica2c.elf elf32-littlearm)

.debug_aranges  0x00000000       0xe0
 .debug_aranges
                0x00000000       0x20 ./44binit.o
 .debug_aranges
                0x00000020       0x20 ./44blib.o
 .debug_aranges
                0x00000040       0x20 ./8seg.o
 .debug_aranges
                0x00000060       0x20 ./boton.o
 .debug_aranges
                0x00000080       0x20 ./led.o
 .debug_aranges
                0x000000a0       0x20 ./main.o
 .debug_aranges
                0x000000c0       0x20 ./timer.o

.debug_macinfo  0x00000000    0x21b96
 .debug_macinfo
                0x00000000     0x82fb ./44blib.o
 .debug_macinfo
                0x000082fb     0x55bf ./8seg.o
 .debug_macinfo
                0x0000d8ba     0x50f3 ./boton.o
 .debug_macinfo
                0x000129ad     0x50a3 ./led.o
 .debug_macinfo
                0x00017a50     0x50a3 ./main.o
 .debug_macinfo
                0x0001caf3     0x50a3 ./timer.o

.debug_loc      0x00000000      0x3c8
 .debug_loc     0x00000000      0x108 ./44blib.o
 .debug_loc     0x00000108       0x58 ./8seg.o
 .debug_loc     0x00000160       0x84 ./boton.o
 .debug_loc     0x000001e4      0x160 ./led.o
 .debug_loc     0x00000344       0x2c ./main.o
 .debug_loc     0x00000370       0x58 ./timer.o

.debug_pubnames
                0x00000000      0x21a
 .debug_pubnames
                0x00000000       0x90 ./44blib.o
 .debug_pubnames
                0x00000090       0x3d ./8seg.o
 .debug_pubnames
                0x000000cd       0x6d ./boton.o
 .debug_pubnames
                0x0000013a       0x8b ./led.o
 .debug_pubnames
                0x000001c5       0x26 ./main.o
 .debug_pubnames
                0x000001eb       0x2f ./timer.o

.debug_pubtypes
                0x00000000       0x12
 .debug_pubtypes
                0x00000000       0x12 ./44blib.o

.debug_str      0x00000000      0x23f
 .debug_str     0x00000000      0x121 ./44blib.o
                                0x15f (size before relaxing)
 .debug_str     0x00000121       0x2f ./8seg.o
                                 0x77 (size before relaxing)
 .debug_str     0x00000150       0x58 ./boton.o
                                 0xa0 (size before relaxing)
 .debug_str     0x000001a8       0x68 ./led.o
                                 0xa3 (size before relaxing)
 .debug_str     0x00000210        0xf ./main.o
                                 0x51 (size before relaxing)
 .debug_str     0x0000021f       0x20 ./timer.o
                                 0x8d (size before relaxing)
