Archive member included because of file (symbol)

c:/software/electronica/arm/eclipsearm/sourcery-g++-lite-arm-2011.03/bin/../lib/gcc/arm-none-eabi/4.5.2\libgcc.a(_divsi3.o)
                              ./44blib.o (__aeabi_idiv)
c:/software/electronica/arm/eclipsearm/sourcery-g++-lite-arm-2011.03/bin/../lib/gcc/arm-none-eabi/4.5.2\libgcc.a(_dvmd_tls.o)
                              c:/software/electronica/arm/eclipsearm/sourcery-g++-lite-arm-2011.03/bin/../lib/gcc/arm-none-eabi/4.5.2\libgcc.a(_divsi3.o) (__aeabi_idiv0)

Allocating common symbols
Common symbol       size              file

fileSize            0x4               ./44blib.o
key                 0x4               ./keyboard.o
downPt              0x4               ./44blib.o

Memory Configuration

Name             Origin             Length             Attributes
*default*        0x00000000         0xffffffff

Linker script and memory map

LOAD ./44binit.o
LOAD ./44blib.o
LOAD ./8seg.o
LOAD ./buffer.o
LOAD ./keyboard.o
LOAD ./main.o
LOAD ./timer.o
LOAD ./timer_init.o
START GROUP
LOAD c:/software/electronica/arm/eclipsearm/sourcery-g++-lite-arm-2011.03/bin/../lib/gcc/arm-none-eabi/4.5.2\libgcc.a
LOAD c:/software/electronica/arm/eclipsearm/sourcery-g++-lite-arm-2011.03/bin/../lib/gcc/arm-none-eabi/4.5.2/../../../../arm-none-eabi/lib\libc.a
END GROUP
                0x0c000000                . = 0xc000000
                0x0c000000                Image_RO_Base = .

.text           0x0c000000     0x19c4
 *(.text)
 .text          0x0c000000      0x71c ./44binit.o
 .text          0x0c00071c      0x46c ./44blib.o
                0x0c00071c                Delay
                0x0c000854                DelayMs
                0x0c0008b8                Port_Init
                0x0c000a48                malloc
                0x0c000ae8                free
                0x0c000b18                sys_init
 .text          0x0c000b88      0x190 ./8seg.o
                0x0c000b88                D8Led_init
                0x0c000bac                D8Led_symbol
 .text          0x0c000d18      0x204 ./buffer.o
                0x0c000d18                insertarClave
                0x0c000d78                leerClave
                0x0c000dac                insertarIntento
                0x0c000e0c                leerIntento
                0x0c000e40                resetIntento
                0x0c000e8c                comparar
 .text          0x0c000f1c      0x4b4 ./keyboard.o
                0x0c000f1c                EliminaRebotes
                0x0c000f7c                init_keyboard
                0x0c001058                Eint1_ISR
                0x0c001118                modoClave
                0x0c001148                key_read
 .text          0x0c0013d0      0x278 ./main.o
                0x0c0013d0                guardaClave
                0x0c001434                muestraClave
                0x0c001498                leeIntento
                0x0c001514                muestraIntento
                0x0c001584                compruebaAcierto
                0x0c001618                main
 .text          0x0c001648      0x180 ./timer.o
                0x0c001648                timer_ISR
                0x0c001798                modoTimer
 .text          0x0c0017c8       0xb0 ./timer_init.o
                0x0c0017c8                TIMER_init
 .text          0x0c001878      0x148 c:/software/electronica/arm/eclipsearm/sourcery-g++-lite-arm-2011.03/bin/../lib/gcc/arm-none-eabi/4.5.2\libgcc.a(_divsi3.o)
                0x0c001878                __divsi3
                0x0c001878                __aeabi_idiv
                0x0c0019a0                __aeabi_idivmod
 .text          0x0c0019c0        0x4 c:/software/electronica/arm/eclipsearm/sourcery-g++-lite-arm-2011.03/bin/../lib/gcc/arm-none-eabi/4.5.2\libgcc.a(_dvmd_tls.o)
                0x0c0019c0                __aeabi_idiv0
                0x0c0019c0                __aeabi_ldiv0
                0x0c0019c4                Image_RO_Limit = .
                0x0c0019c4                Image_RW_Base = .

.glue_7         0x0c0019c4        0x0
 .glue_7        0x00000000        0x0 linker stubs

.glue_7t        0x0c0019c4        0x0
 .glue_7t       0x00000000        0x0 linker stubs

.vfp11_veneer   0x0c0019c4        0x0
 .vfp11_veneer  0x00000000        0x0 linker stubs

.v4_bx          0x0c0019c4        0x0
 .v4_bx         0x00000000        0x0 linker stubs

.data           0x0c0019c4       0x3c
 *(.data)
 .data          0x0c0019c4        0x6 ./44binit.o
                0x0c0019c4                BDRAMTYPE
 *fill*         0x0c0019ca        0x2 00
 .data          0x0c0019cc        0xc ./44blib.o
                0x0c0019cc                mallocPt
                0x0c0019d0                run
 .data          0x0c0019d8       0x1c ./8seg.o
                0x0c0019d8                Symbol
 .data          0x0c0019f4        0x0 ./buffer.o
 .data          0x0c0019f4        0x8 ./keyboard.o
                0x0c0019f4                keyboard_base
                0x0c0019f8                modo
 .data          0x0c0019fc        0x4 ./main.o
                0x0c0019fc                symbol
 .data          0x0c001a00        0x0 ./timer.o
 .data          0x0c001a00        0x0 ./timer_init.o
 .data          0x0c001a00        0x0 c:/software/electronica/arm/eclipsearm/sourcery-g++-lite-arm-2011.03/bin/../lib/gcc/arm-none-eabi/4.5.2\libgcc.a(_divsi3.o)
 .data          0x0c001a00        0x0 c:/software/electronica/arm/eclipsearm/sourcery-g++-lite-arm-2011.03/bin/../lib/gcc/arm-none-eabi/4.5.2\libgcc.a(_dvmd_tls.o)

.rodata
 *(.rodata)
                0x0c001a00                Image_RW_Limit = .
                0x0c001a00                Image_ZI_Base = .

.bss            0x0c001a00       0x44
 *(.bss)
 .bss           0x0c001a00        0x0 ./44binit.o
 .bss           0x0c001a00        0x4 ./44blib.o
                0x0c001a00                restart
 .bss           0x0c001a04        0x0 ./8seg.o
 .bss           0x0c001a04       0x20 ./buffer.o
                0x0c001a04                clave
                0x0c001a14                intento
 .bss           0x0c001a24        0x0 ./keyboard.o
 .bss           0x0c001a24        0x0 ./main.o
 .bss           0x0c001a24       0x14 ./timer.o
                0x0c001a24                posicion
                0x0c001a28                modoT
                0x0c001a2c                cuentaClave
                0x0c001a30                cuentaIntento
                0x0c001a34                cuentaAcierto
 .bss           0x0c001a38        0x0 ./timer_init.o
 .bss           0x0c001a38        0x0 c:/software/electronica/arm/eclipsearm/sourcery-g++-lite-arm-2011.03/bin/../lib/gcc/arm-none-eabi/4.5.2\libgcc.a(_divsi3.o)
 .bss           0x0c001a38        0x0 c:/software/electronica/arm/eclipsearm/sourcery-g++-lite-arm-2011.03/bin/../lib/gcc/arm-none-eabi/4.5.2\libgcc.a(_dvmd_tls.o)
 COMMON         0x0c001a38        0x8 ./44blib.o
                0x0c001a38                fileSize
                0x0c001a3c                downPt
 COMMON         0x0c001a40        0x4 ./keyboard.o
                0x0c001a40                key
                0x0c001a44                Image_ZI_Limit = .
                0x0c001a44                __bss_start__ = .
                0x0c001a44                __bss_end__ = .
                0x0c001a44                __EH_FRAME_BEGIN__ = .
                0x0c001a44                __EH_FRAME_END__ = .
                0x0c001a44                PROVIDE (__stack, .)
                0x0c001a44                end = .
                0x0c001a44                _end = .

.ARM.attributes
                0x00000000       0x2e
 .ARM.attributes
                0x00000000       0x22 ./44binit.o
 .ARM.attributes
                0x00000022       0x32 ./44blib.o
 .ARM.attributes
                0x00000054       0x32 ./8seg.o
 .ARM.attributes
                0x00000086       0x32 ./buffer.o
 .ARM.attributes
                0x000000b8       0x32 ./keyboard.o
 .ARM.attributes
                0x000000ea       0x32 ./main.o
 .ARM.attributes
                0x0000011c       0x32 ./timer.o
 .ARM.attributes
                0x0000014e       0x22 ./timer_init.o
 .ARM.attributes
                0x00000170       0x1a c:/software/electronica/arm/eclipsearm/sourcery-g++-lite-arm-2011.03/bin/../lib/gcc/arm-none-eabi/4.5.2\libgcc.a(_divsi3.o)
 .ARM.attributes
                0x0000018a       0x18 c:/software/electronica/arm/eclipsearm/sourcery-g++-lite-arm-2011.03/bin/../lib/gcc/arm-none-eabi/4.5.2\libgcc.a(_dvmd_tls.o)

.comment        0x00000000       0x2a
 .comment       0x00000000       0x2a ./44blib.o
                                 0x2b (size before relaxing)
 .comment       0x00000000       0x2b ./8seg.o
 .comment       0x00000000       0x2b ./buffer.o
 .comment       0x00000000       0x2b ./keyboard.o
 .comment       0x00000000       0x2b ./main.o
 .comment       0x00000000       0x2b ./timer.o

.debug_info     0x00000000      0x90a
 *(.debug_info)
 .debug_info    0x00000000       0x66 ./44binit.o
 .debug_info    0x00000066      0x229 ./44blib.o
 .debug_info    0x0000028f       0x97 ./8seg.o
 .debug_info    0x00000326      0x199 ./buffer.o
 .debug_info    0x000004bf      0x1a6 ./keyboard.o
 .debug_info    0x00000665      0x135 ./main.o
 .debug_info    0x0000079a      0x107 ./timer.o
 .debug_info    0x000008a1       0x69 ./timer_init.o

.debug_line     0x00000000      0xea9
 *(.debug_line)
 .debug_line    0x00000000      0x10e ./44binit.o
 .debug_line    0x0000010e      0x3d8 ./44blib.o
 .debug_line    0x000004e6       0x87 ./8seg.o
 .debug_line    0x0000056d      0x358 ./buffer.o
 .debug_line    0x000008c5      0x3fd ./keyboard.o
 .debug_line    0x00000cc2       0xf3 ./main.o
 .debug_line    0x00000db5       0x93 ./timer.o
 .debug_line    0x00000e48       0x61 ./timer_init.o

.debug_abbrev   0x00000000      0x484
 *(.debug_abbrev)
 .debug_abbrev  0x00000000       0x14 ./44binit.o
 .debug_abbrev  0x00000014      0x11f ./44blib.o
 .debug_abbrev  0x00000133       0x8a ./8seg.o
 .debug_abbrev  0x000001bd       0xc7 ./buffer.o
 .debug_abbrev  0x00000284       0xf0 ./keyboard.o
 .debug_abbrev  0x00000374       0x7e ./main.o
 .debug_abbrev  0x000003f2       0x7e ./timer.o
 .debug_abbrev  0x00000470       0x14 ./timer_init.o

.debug_frame    0x00000000      0x3f8
 *(.debug_frame)
 .debug_frame   0x00000000       0xd0 ./44blib.o
 .debug_frame   0x000000d0       0x50 ./8seg.o
 .debug_frame   0x00000120       0xd0 ./buffer.o
 .debug_frame   0x000001f0       0xbc ./keyboard.o
 .debug_frame   0x000002ac       0xd0 ./main.o
 .debug_frame   0x0000037c       0x5c ./timer.o
 .debug_frame   0x000003d8       0x20 c:/software/electronica/arm/eclipsearm/sourcery-g++-lite-arm-2011.03/bin/../lib/gcc/arm-none-eabi/4.5.2\libgcc.a(_divsi3.o)
OUTPUT(Practica3.elf elf32-littlearm)

.debug_aranges  0x00000000      0x100
 .debug_aranges
                0x00000000       0x20 ./44binit.o
 .debug_aranges
                0x00000020       0x20 ./44blib.o
 .debug_aranges
                0x00000040       0x20 ./8seg.o
 .debug_aranges
                0x00000060       0x20 ./buffer.o
 .debug_aranges
                0x00000080       0x20 ./keyboard.o
 .debug_aranges
                0x000000a0       0x20 ./main.o
 .debug_aranges
                0x000000c0       0x20 ./timer.o
 .debug_aranges
                0x000000e0       0x20 ./timer_init.o

.debug_macinfo  0x00000000    0x24541
 .debug_macinfo
                0x00000000     0x82fb ./44blib.o
 .debug_macinfo
                0x000082fb     0x55bf ./8seg.o
 .debug_macinfo
                0x0000d8ba     0x4cd3 ./buffer.o
 .debug_macinfo
                0x0001258d     0x7e32 ./keyboard.o
 .debug_macinfo
                0x0001a3bf     0x50d7 ./main.o
 .debug_macinfo
                0x0001f496     0x50ab ./timer.o

.debug_loc      0x00000000      0x4a4
 .debug_loc     0x00000000      0x108 ./44blib.o
 .debug_loc     0x00000108       0x58 ./8seg.o
 .debug_loc     0x00000160      0x108 ./buffer.o
 .debug_loc     0x00000268       0xdc ./keyboard.o
 .debug_loc     0x00000344      0x108 ./main.o
 .debug_loc     0x0000044c       0x58 ./timer.o

.debug_pubnames
                0x00000000      0x2d1
 .debug_pubnames
                0x00000000       0x90 ./44blib.o
 .debug_pubnames
                0x00000090       0x3d ./8seg.o
 .debug_pubnames
                0x000000cd       0x8a ./buffer.o
 .debug_pubnames
                0x00000157       0x83 ./keyboard.o
 .debug_pubnames
                0x000001da       0x7e ./main.o
 .debug_pubnames
                0x00000258       0x79 ./timer.o

.debug_pubtypes
                0x00000000       0x36
 .debug_pubtypes
                0x00000000       0x12 ./44blib.o
 .debug_pubtypes
                0x00000012       0x12 ./buffer.o
 .debug_pubtypes
                0x00000024       0x12 ./keyboard.o

.debug_str      0x00000000      0x2c2
 .debug_str     0x00000000      0x120 ./44blib.o
                                0x15e (size before relaxing)
 .debug_str     0x00000120       0x2f ./8seg.o
                                 0x76 (size before relaxing)
 .debug_str     0x0000014f       0x73 ./buffer.o
                                0x136 (size before relaxing)
 .debug_str     0x000001c2       0x60 ./keyboard.o
                                0x129 (size before relaxing)
 .debug_str     0x00000222       0x7b ./main.o
                                 0xbc (size before relaxing)
 .debug_str     0x0000029d       0x25 ./timer.o
                                 0x90 (size before relaxing)
