   1              		.cpu arm7tdmi
   2              		.fpu softvfp
   3              		.eabi_attribute 20, 1
   4              		.eabi_attribute 21, 1
   5              		.eabi_attribute 23, 3
   6              		.eabi_attribute 24, 1
   7              		.eabi_attribute 25, 1
   8              		.eabi_attribute 26, 1
   9              		.eabi_attribute 30, 6
  10              		.eabi_attribute 18, 4
  11              		.file	"keyboard.c"
  21              	.Ltext0:
  22              		.file 1 "../keyboard.c"
 3051              		.align	2
 3054              	keyboard_base:
 3055 0000 00000006 		.word	100663296
 3056              		.comm	key,4,4
 3057              		.global	modo
 3058              		.align	2
 3061              	modo:
 3062 0004 01000000 		.word	1
 3063              		.text
 3064              		.align	2
 3065              		.global	EliminaRebotes
 3067              	EliminaRebotes:
 3068              	.LFB0:
   1:../keyboard.c **** /*******************************************************************************************
   2:../keyboard.c **** * File:		keyboard.c
   3:../keyboard.c **** * Author:	
   4:../keyboard.c **** * Desc:		Funciones de teclado
   5:../keyboard.c **** * History:	
   6:../keyboard.c **** *********************************************************************************************/
   7:../keyboard.c **** 
   8:../keyboard.c **** /*--- Ficheros de cabecera ---*/
   9:../keyboard.c **** #include "44b.h"
  10:../keyboard.c **** #include "44blib.h"
  11:../keyboard.c **** #include "def.h"
  12:../keyboard.c **** #include "keyboard.h"
  13:../keyboard.c **** #include "buffer.h"
  14:../keyboard.c **** #include "8seg.h"
  15:../keyboard.c **** #include <stdio.h>
  16:../keyboard.c **** #include <stdlib.h>
  17:../keyboard.c **** 
  18:../keyboard.c **** /*--- Variables globales ---*/
  19:../keyboard.c **** volatile UCHAR *keyboard_base = (UCHAR *)0x06000000;
  20:../keyboard.c **** int key;
  21:../keyboard.c **** int modo = 1;
  22:../keyboard.c **** 
  23:../keyboard.c **** void Eint1_ISR(void) __attribute__ ((interrupt ("IRQ")));
  24:../keyboard.c **** void init_keyboard(void);
  25:../keyboard.c **** void modoClave(int i);
  26:../keyboard.c **** int key_read();
  27:../keyboard.c **** /*--- Codigo de las funciones ---*/
  28:../keyboard.c **** 
  29:../keyboard.c **** void EliminaRebotes(void) {
 3069              		.loc 1 29 0
 3070              		.cfi_startproc
 3071              		@ Function supports interworking.
 3072              		@ args = 0, pretend = 0, frame = 16
 3073              		@ frame_needed = 1, uses_anonymous_args = 0
 3074 0000 0DC0A0E1 		mov	ip, sp
 3075              	.LCFI0:
 3076              		.cfi_def_cfa_register 12
 3077 0004 00D82DE9 		stmfd	sp!, {fp, ip, lr, pc}
 3078 0008 04B04CE2 		sub	fp, ip, #4
 3079              		.cfi_offset 14, -8
 3080              		.cfi_offset 13, -12
 3081              		.cfi_offset 11, -16
 3082              	.LCFI1:
 3083              		.cfi_def_cfa 11, 4
 3084 000c 10D04DE2 		sub	sp, sp, #16
  30:../keyboard.c **** 	int i,j,k;
  31:../keyboard.c **** 	i=200000;
 3085              		.loc 1 31 0
 3086 0010 44309FE5 		ldr	r3, .L4
 3087 0014 18300BE5 		str	r3, [fp, #-24]
  32:../keyboard.c **** 	j=0;
 3088              		.loc 1 32 0
 3089 0018 0030A0E3 		mov	r3, #0
 3090 001c 10300BE5 		str	r3, [fp, #-16]
  33:../keyboard.c **** 	while (j!=i){
 3091              		.loc 1 33 0
 3092 0020 060000EA 		b	.L2
 3093              	.L3:
  34:../keyboard.c **** 		k=k*j;
 3094              		.loc 1 34 0
 3095 0024 14301BE5 		ldr	r3, [fp, #-20]
 3096 0028 10201BE5 		ldr	r2, [fp, #-16]
 3097 002c 920303E0 		mul	r3, r2, r3
 3098 0030 14300BE5 		str	r3, [fp, #-20]
  35:../keyboard.c **** 		j+=1;
 3099              		.loc 1 35 0
 3100 0034 10301BE5 		ldr	r3, [fp, #-16]
 3101 0038 013083E2 		add	r3, r3, #1
 3102 003c 10300BE5 		str	r3, [fp, #-16]
 3103              	.L2:
  33:../keyboard.c **** 	while (j!=i){
 3104              		.loc 1 33 0 discriminator 1
 3105 0040 10201BE5 		ldr	r2, [fp, #-16]
 3106 0044 18301BE5 		ldr	r3, [fp, #-24]
 3107 0048 030052E1 		cmp	r2, r3
 3108 004c F4FFFF1A 		bne	.L3
  36:../keyboard.c **** 	}
  37:../keyboard.c **** }
 3109              		.loc 1 37 0
 3110 0050 0CD04BE2 		sub	sp, fp, #12
 3111 0054 00689DE8 		ldmfd	sp, {fp, sp, lr}
 3112 0058 1EFF2FE1 		bx	lr
 3113              	.L5:
 3114              		.align	2
 3115              	.L4:
 3116 005c 400D0300 		.word	200000
 3117              		.cfi_endproc
 3118              	.LFE0:
 3120              		.align	2
 3121              		.global	init_keyboard
 3123              	init_keyboard:
 3124              	.LFB1:
  38:../keyboard.c **** 
  39:../keyboard.c **** void init_keyboard()
  40:../keyboard.c **** {
 3125              		.loc 1 40 0
 3126              		.cfi_startproc
 3127              		@ Function supports interworking.
 3128              		@ args = 0, pretend = 0, frame = 0
 3129              		@ frame_needed = 1, uses_anonymous_args = 0
 3130 0060 0DC0A0E1 		mov	ip, sp
 3131              	.LCFI2:
 3132              		.cfi_def_cfa_register 12
 3133 0064 00D82DE9 		stmfd	sp!, {fp, ip, lr, pc}
 3134 0068 04B04CE2 		sub	fp, ip, #4
 3135              		.cfi_offset 14, -8
 3136              		.cfi_offset 13, -12
 3137              		.cfi_offset 11, -16
 3138              	.LCFI3:
 3139              		.cfi_def_cfa 11, 4
  41:../keyboard.c **** // A implementar por los alumnos
  42:../keyboard.c **** 	 //Configuracion del controlador de interrupciones
  43:../keyboard.c **** 		rI_ISPC=0xFFFFFFFF	;	   // Borra INTPND
 3140              		.loc 1 43 0
 3141 006c 94309FE5 		ldr	r3, .L7
 3142 0070 0020E0E3 		mvn	r2, #0
 3143 0074 002083E5 		str	r2, [r3, #0]
  44:../keyboard.c **** 		rEXTINTPND = 0xf; 		   // Borra EXTINTPND
 3144              		.loc 1 44 0
 3145 0078 8C309FE5 		ldr	r3, .L7+4
 3146 007c 0F20A0E3 		mov	r2, #15
 3147 0080 002083E5 		str	r2, [r3, #0]
  45:../keyboard.c **** 		rINTMOD=0x0;	   // Configura las lineas como de tipo IRQ mediante rINTMOD
 3148              		.loc 1 45 0
 3149 0084 84309FE5 		ldr	r3, .L7+8
 3150 0088 0020A0E3 		mov	r2, #0
 3151 008c 002083E5 		str	r2, [r3, #0]
  46:../keyboard.c **** 		rINTCON  =0x1; // Habilita int. vectorizadas y la linea IRQ (FIQ no) mediante rINTCON
 3152              		.loc 1 46 0
 3153 0090 1E36A0E3 		mov	r3, #31457280
 3154 0094 0120A0E3 		mov	r2, #1
 3155 0098 002083E5 		str	r2, [r3, #0]
  47:../keyboard.c **** 			// Emascara todas las lineas excepto eint1y el bit global mediante rINTMSK
  48:../keyboard.c **** 		rINTMSK = ~(BIT_GLOBAL|BIT_EINT1);
 3156              		.loc 1 48 0
 3157 009c 70309FE5 		ldr	r3, .L7+12
 3158 00a0 0524E0E3 		mvn	r2, #83886080
 3159 00a4 002083E5 		str	r2, [r3, #0]
  49:../keyboard.c **** 		/*Establece la rutina de servicio para Eint1 */
  50:../keyboard.c **** 		pISR_EINT1 = (int)Eint1_ISR;
 3160              		.loc 1 50 0
 3161 00a8 68309FE5 		ldr	r3, .L7+16
 3162 00ac 68209FE5 		ldr	r2, .L7+20
 3163 00b0 002083E5 		str	r2, [r3, #0]
  51:../keyboard.c **** 	    /* Configuracion del puerto G */
  52:../keyboard.c **** 	    rPCONG  = 0xffff;        		// Establece la funcion de los pines (EINT0-7)
 3164              		.loc 1 52 0
 3165 00b4 64309FE5 		ldr	r3, .L7+24
 3166 00b8 64209FE5 		ldr	r2, .L7+28
 3167 00bc 002083E5 		str	r2, [r3, #0]
  53:../keyboard.c **** 		rPUPG   = 0x0;                  // Habilita el "pull up" del puerto
 3168              		.loc 1 53 0
 3169 00c0 60309FE5 		ldr	r3, .L7+32
 3170 00c4 0020A0E3 		mov	r2, #0
 3171 00c8 002083E5 		str	r2, [r3, #0]
  54:../keyboard.c **** 		rEXTINT = rEXTINT|0x22222222;   // Configura las lineas de int. como de flanco de bajada
 3172              		.loc 1 54 0
 3173 00cc 58209FE5 		ldr	r2, .L7+36
 3174 00d0 54309FE5 		ldr	r3, .L7+36
 3175 00d4 001093E5 		ldr	r1, [r3, #0]
 3176 00d8 50309FE5 		ldr	r3, .L7+40
 3177 00dc 033081E1 		orr	r3, r1, r3
 3178 00e0 003082E5 		str	r3, [r2, #0]
  55:../keyboard.c **** 
  56:../keyboard.c **** 	    /* Por precaucion, se vuelven a borrar los bits de INTPND y EXTINTPND */
  57:../keyboard.c **** 		rI_ISPC=0xFFFFFFFF	;	   // Borra INTPND
 3179              		.loc 1 57 0
 3180 00e4 1C309FE5 		ldr	r3, .L7
 3181 00e8 0020E0E3 		mvn	r2, #0
 3182 00ec 002083E5 		str	r2, [r3, #0]
  58:../keyboard.c **** 	 	rEXTINTPND = 0xf;	   // Borra EXTINTPND
 3183              		.loc 1 58 0
 3184 00f0 14309FE5 		ldr	r3, .L7+4
 3185 00f4 0F20A0E3 		mov	r2, #15
 3186 00f8 002083E5 		str	r2, [r3, #0]
  59:../keyboard.c **** 
  60:../keyboard.c **** 
  61:../keyboard.c **** }
 3187              		.loc 1 61 0
 3188 00fc 0CD04BE2 		sub	sp, fp, #12
 3189 0100 00689DE8 		ldmfd	sp, {fp, sp, lr}
 3190 0104 1EFF2FE1 		bx	lr
 3191              	.L8:
 3192              		.align	2
 3193              	.L7:
 3194 0108 2400E001 		.word	31457316
 3195 010c 5400D201 		.word	30539860
 3196 0110 0800E001 		.word	31457288
 3197 0114 0C00E001 		.word	31457292
 3198 0118 80FF7F0C 		.word	209715072
 3199 011c 00000000 		.word	Eint1_ISR
 3200 0120 4000D201 		.word	30539840
 3201 0124 FFFF0000 		.word	65535
 3202 0128 4800D201 		.word	30539848
 3203 012c 5000D201 		.word	30539856
 3204 0130 22222222 		.word	572662306
 3205              		.cfi_endproc
 3206              	.LFE1:
 3208              		.align	2
 3209              		.global	Eint1_ISR
 3211              	Eint1_ISR:
 3212              	.LFB2:
  62:../keyboard.c **** void Eint1_ISR(){
 3213              		.loc 1 62 0
 3214              		.cfi_startproc
 3215              		@ Interrupt Service Routine.
 3216              		@ args = 0, pretend = 0, frame = 0
 3217              		@ frame_needed = 1, uses_anonymous_args = 0
 3218 0134 04C02DE5 		str	ip, [sp, #-4]!
 3219 0138 0DC0A0E1 		mov	ip, sp
 3220              	.LCFI4:
 3221              		.cfi_def_cfa_register 12
 3222 013c 0FD82DE9 		stmfd	sp!, {r0, r1, r2, r3, fp, ip, lr, pc}
 3223 0140 04B04CE2 		sub	fp, ip, #4
 3224              		.cfi_offset 14, -8
 3225              		.cfi_offset 13, -12
 3226              		.cfi_offset 11, -16
 3227              		.cfi_offset 3, -20
 3228              		.cfi_offset 2, -24
 3229              		.cfi_offset 1, -28
 3230              		.cfi_offset 0, -32
 3231              	.LCFI5:
 3232              		.cfi_def_cfa 11, 4
  63:../keyboard.c **** 	key = key_read();
 3233              		.loc 1 63 0
 3234 0144 FEFFFFEB 		bl	key_read
 3235 0148 0020A0E1 		mov	r2, r0
 3236 014c 90309FE5 		ldr	r3, .L14
 3237 0150 002083E5 		str	r2, [r3, #0]
  64:../keyboard.c **** 	if (key == 15 || key == -1)
 3238              		.loc 1 64 0
 3239 0154 88309FE5 		ldr	r3, .L14
 3240 0158 003093E5 		ldr	r3, [r3, #0]
 3241 015c 0F0053E3 		cmp	r3, #15
 3242 0160 0300000A 		beq	.L10
 3243              		.loc 1 64 0 is_stmt 0 discriminator 1
 3244 0164 78309FE5 		ldr	r3, .L14
 3245 0168 003093E5 		ldr	r3, [r3, #0]
 3246 016c 010073E3 		cmn	r3, #1
 3247 0170 0100001A 		bne	.L11
 3248              	.L10:
  65:../keyboard.c **** 		EliminaRebotes();
 3249              		.loc 1 65 0 is_stmt 1
 3250 0174 FEFFFFEB 		bl	EliminaRebotes
 3251 0178 0C0000EA 		b	.L12
 3252              	.L11:
  66:../keyboard.c **** 	else{
  67:../keyboard.c **** 		if (modo == 1)
 3253              		.loc 1 67 0
 3254 017c 64309FE5 		ldr	r3, .L14+4
 3255 0180 003093E5 		ldr	r3, [r3, #0]
 3256 0184 010053E3 		cmp	r3, #1
 3257 0188 0400001A 		bne	.L13
  68:../keyboard.c **** 			insertarClave(key);
 3258              		.loc 1 68 0
 3259 018c 50309FE5 		ldr	r3, .L14
 3260 0190 003093E5 		ldr	r3, [r3, #0]
 3261 0194 0300A0E1 		mov	r0, r3
 3262 0198 FEFFFFEB 		bl	insertarClave
 3263 019c 030000EA 		b	.L12
 3264              	.L13:
  69:../keyboard.c **** 		else
  70:../keyboard.c **** 			insertarIntento(key);
 3265              		.loc 1 70 0
 3266 01a0 3C309FE5 		ldr	r3, .L14
 3267 01a4 003093E5 		ldr	r3, [r3, #0]
 3268 01a8 0300A0E1 		mov	r0, r3
 3269 01ac FEFFFFEB 		bl	insertarIntento
 3270              	.L12:
  71:../keyboard.c **** 	}
  72:../keyboard.c **** 
  73:../keyboard.c **** 	EliminaRebotes();
 3271              		.loc 1 73 0
 3272 01b0 FEFFFFEB 		bl	EliminaRebotes
  74:../keyboard.c **** 	rEXTINTPND = 0xf;				// borra los bits en EXTINTPND
 3273              		.loc 1 74 0
 3274 01b4 30309FE5 		ldr	r3, .L14+8
 3275 01b8 0F20A0E3 		mov	r2, #15
 3276 01bc 002083E5 		str	r2, [r3, #0]
  75:../keyboard.c **** 	rI_ISPC   |= BIT_EINT1;		// borra el bit pendiente en INTPND
 3277              		.loc 1 75 0
 3278 01c0 28309FE5 		ldr	r3, .L14+12
 3279 01c4 24209FE5 		ldr	r2, .L14+12
 3280 01c8 002092E5 		ldr	r2, [r2, #0]
 3281 01cc 012482E3 		orr	r2, r2, #16777216
 3282 01d0 002083E5 		str	r2, [r3, #0]
  76:../keyboard.c **** }
 3283              		.loc 1 76 0
 3284 01d4 1CD04BE2 		sub	sp, fp, #28
 3285 01d8 0F689DE8 		ldmfd	sp, {r0, r1, r2, r3, fp, sp, lr}
 3286 01dc 04C09DE4 		ldmfd	sp!, {ip}
 3287 01e0 04F05EE2 		subs	pc, lr, #4
 3288              	.L15:
 3289              		.align	2
 3290              	.L14:
 3291 01e4 00000000 		.word	key
 3292 01e8 00000000 		.word	modo
 3293 01ec 5400D201 		.word	30539860
 3294 01f0 2400E001 		.word	31457316
 3295              		.cfi_endproc
 3296              	.LFE2:
 3298              		.align	2
 3299              		.global	modoClave
 3301              	modoClave:
 3302              	.LFB3:
  77:../keyboard.c **** 
  78:../keyboard.c **** void modoClave(int i){
 3303              		.loc 1 78 0
 3304              		.cfi_startproc
 3305              		@ Function supports interworking.
 3306              		@ args = 0, pretend = 0, frame = 8
 3307              		@ frame_needed = 1, uses_anonymous_args = 0
 3308 01f4 0DC0A0E1 		mov	ip, sp
 3309              	.LCFI6:
 3310              		.cfi_def_cfa_register 12
 3311 01f8 00D82DE9 		stmfd	sp!, {fp, ip, lr, pc}
 3312 01fc 04B04CE2 		sub	fp, ip, #4
 3313              		.cfi_offset 14, -8
 3314              		.cfi_offset 13, -12
 3315              		.cfi_offset 11, -16
 3316              	.LCFI7:
 3317              		.cfi_def_cfa 11, 4
 3318 0200 08D04DE2 		sub	sp, sp, #8
 3319 0204 10000BE5 		str	r0, [fp, #-16]
  79:../keyboard.c **** 	modo = i;
 3320              		.loc 1 79 0
 3321 0208 10309FE5 		ldr	r3, .L17
 3322 020c 10201BE5 		ldr	r2, [fp, #-16]
 3323 0210 002083E5 		str	r2, [r3, #0]
  80:../keyboard.c **** }
 3324              		.loc 1 80 0
 3325 0214 0CD04BE2 		sub	sp, fp, #12
 3326 0218 00689DE8 		ldmfd	sp, {fp, sp, lr}
 3327 021c 1EFF2FE1 		bx	lr
 3328              	.L18:
 3329              		.align	2
 3330              	.L17:
 3331 0220 00000000 		.word	modo
 3332              		.cfi_endproc
 3333              	.LFE3:
 3335              		.align	2
 3336              		.global	key_read
 3338              	key_read:
 3339              	.LFB4:
  81:../keyboard.c **** // Funcion que devuelve un entero (0..15) que
  82:../keyboard.c **** // representa la tecla pulsada
  83:../keyboard.c **** // Debe invocarse desde la rutina de tratamiento de interrupci—n
  84:../keyboard.c **** int key_read()
  85:../keyboard.c **** {
 3340              		.loc 1 85 0
 3341              		.cfi_startproc
 3342              		@ Function supports interworking.
 3343              		@ args = 0, pretend = 0, frame = 8
 3344              		@ frame_needed = 1, uses_anonymous_args = 0
 3345 0224 0DC0A0E1 		mov	ip, sp
 3346              	.LCFI8:
 3347              		.cfi_def_cfa_register 12
 3348 0228 00D82DE9 		stmfd	sp!, {fp, ip, lr, pc}
 3349 022c 04B04CE2 		sub	fp, ip, #4
 3350              		.cfi_offset 14, -8
 3351              		.cfi_offset 13, -12
 3352              		.cfi_offset 11, -16
 3353              	.LCFI9:
 3354              		.cfi_def_cfa 11, 4
 3355 0230 08D04DE2 		sub	sp, sp, #8
  86:../keyboard.c **** 	int value;
  87:../keyboard.c **** 	char temp;
  88:../keyboard.c **** 	/* leer linea 1 */
  89:../keyboard.c **** 	temp = *(keyboard_base+0xfd);
 3356              		.loc 1 89 0
 3357 0234 6C329FE5 		ldr	r3, .L41
 3358 0238 003093E5 		ldr	r3, [r3, #0]
 3359 023c FD3083E2 		add	r3, r3, #253
 3360 0240 0030D3E5 		ldrb	r3, [r3, #0]
 3361 0244 11304BE5 		strb	r3, [fp, #-17]
  90:../keyboard.c **** 	if(( temp & KEY_VALUE_MASK) != KEY_VALUE_MASK)
 3362              		.loc 1 90 0
 3363 0248 11305BE5 		ldrb	r3, [fp, #-17]	@ zero_extendqisi2
 3364 024c 0F3003E2 		and	r3, r3, #15
 3365 0250 0F0053E3 		cmp	r3, #15
 3366 0254 1C00000A 		beq	.L20
  91:../keyboard.c **** 	{
  92:../keyboard.c **** 		if( (temp&0x1) == 0 )
 3367              		.loc 1 92 0
 3368 0258 11305BE5 		ldrb	r3, [fp, #-17]	@ zero_extendqisi2
 3369 025c 013003E2 		and	r3, r3, #1
 3370 0260 000053E3 		cmp	r3, #0
 3371 0264 0200001A 		bne	.L21
  93:../keyboard.c **** 			value = 3;
 3372              		.loc 1 93 0
 3373 0268 0330A0E3 		mov	r3, #3
 3374 026c 10300BE5 		str	r3, [fp, #-16]
 3375 0270 130000EA 		b	.L22
 3376              	.L21:
  94:../keyboard.c **** 		else if( (temp&0x2) == 0 )
 3377              		.loc 1 94 0
 3378 0274 11305BE5 		ldrb	r3, [fp, #-17]	@ zero_extendqisi2
 3379 0278 023003E2 		and	r3, r3, #2
 3380 027c 000053E3 		cmp	r3, #0
 3381 0280 0200001A 		bne	.L23
  95:../keyboard.c **** 			value = 2;
 3382              		.loc 1 95 0
 3383 0284 0230A0E3 		mov	r3, #2
 3384 0288 10300BE5 		str	r3, [fp, #-16]
 3385 028c 0C0000EA 		b	.L22
 3386              	.L23:
  96:../keyboard.c **** 		else if( (temp&0x4) == 0 )
 3387              		.loc 1 96 0
 3388 0290 11305BE5 		ldrb	r3, [fp, #-17]	@ zero_extendqisi2
 3389 0294 043003E2 		and	r3, r3, #4
 3390 0298 000053E3 		cmp	r3, #0
 3391 029c 0200001A 		bne	.L24
  97:../keyboard.c **** 			value = 1;
 3392              		.loc 1 97 0
 3393 02a0 0130A0E3 		mov	r3, #1
 3394 02a4 10300BE5 		str	r3, [fp, #-16]
 3395 02a8 050000EA 		b	.L22
 3396              	.L24:
  98:../keyboard.c **** 		else if( (temp&0x8) == 0 )
 3397              		.loc 1 98 0
 3398 02ac 11305BE5 		ldrb	r3, [fp, #-17]	@ zero_extendqisi2
 3399 02b0 083003E2 		and	r3, r3, #8
 3400 02b4 000053E3 		cmp	r3, #0
 3401 02b8 0100001A 		bne	.L22
  99:../keyboard.c **** 			value = 0;
 3402              		.loc 1 99 0
 3403 02bc 0030A0E3 		mov	r3, #0
 3404 02c0 10300BE5 		str	r3, [fp, #-16]
 3405              	.L22:
 100:../keyboard.c **** 		return value;
 3406              		.loc 1 100 0
 3407 02c4 10301BE5 		ldr	r3, [fp, #-16]
 3408 02c8 720000EA 		b	.L25
 3409              	.L20:
 101:../keyboard.c **** 	}
 102:../keyboard.c **** 	/* linea 2 */
 103:../keyboard.c **** 	temp = *(keyboard_base+0xfb);
 3410              		.loc 1 103 0
 3411 02cc D4319FE5 		ldr	r3, .L41
 3412 02d0 003093E5 		ldr	r3, [r3, #0]
 3413 02d4 FB3083E2 		add	r3, r3, #251
 3414 02d8 0030D3E5 		ldrb	r3, [r3, #0]
 3415 02dc 11304BE5 		strb	r3, [fp, #-17]
 104:../keyboard.c **** 	if(( temp & KEY_VALUE_MASK) != KEY_VALUE_MASK)
 3416              		.loc 1 104 0
 3417 02e0 11305BE5 		ldrb	r3, [fp, #-17]	@ zero_extendqisi2
 3418 02e4 0F3003E2 		and	r3, r3, #15
 3419 02e8 0F0053E3 		cmp	r3, #15
 3420 02ec 1C00000A 		beq	.L26
 105:../keyboard.c **** 	{
 106:../keyboard.c **** 		if( (temp&0x1) == 0 )
 3421              		.loc 1 106 0
 3422 02f0 11305BE5 		ldrb	r3, [fp, #-17]	@ zero_extendqisi2
 3423 02f4 013003E2 		and	r3, r3, #1
 3424 02f8 000053E3 		cmp	r3, #0
 3425 02fc 0200001A 		bne	.L27
 107:../keyboard.c **** 			value = 7;
 3426              		.loc 1 107 0
 3427 0300 0730A0E3 		mov	r3, #7
 3428 0304 10300BE5 		str	r3, [fp, #-16]
 3429 0308 130000EA 		b	.L28
 3430              	.L27:
 108:../keyboard.c **** 		else if( (temp&0x2) == 0 )
 3431              		.loc 1 108 0
 3432 030c 11305BE5 		ldrb	r3, [fp, #-17]	@ zero_extendqisi2
 3433 0310 023003E2 		and	r3, r3, #2
 3434 0314 000053E3 		cmp	r3, #0
 3435 0318 0200001A 		bne	.L29
 109:../keyboard.c **** 			value = 6;
 3436              		.loc 1 109 0
 3437 031c 0630A0E3 		mov	r3, #6
 3438 0320 10300BE5 		str	r3, [fp, #-16]
 3439 0324 0C0000EA 		b	.L28
 3440              	.L29:
 110:../keyboard.c **** 		else if( (temp&0x4) == 0 )
 3441              		.loc 1 110 0
 3442 0328 11305BE5 		ldrb	r3, [fp, #-17]	@ zero_extendqisi2
 3443 032c 043003E2 		and	r3, r3, #4
 3444 0330 000053E3 		cmp	r3, #0
 3445 0334 0200001A 		bne	.L30
 111:../keyboard.c **** 			value = 5;
 3446              		.loc 1 111 0
 3447 0338 0530A0E3 		mov	r3, #5
 3448 033c 10300BE5 		str	r3, [fp, #-16]
 3449 0340 050000EA 		b	.L28
 3450              	.L30:
 112:../keyboard.c **** 		else if( (temp&0x8) == 0 )
 3451              		.loc 1 112 0
 3452 0344 11305BE5 		ldrb	r3, [fp, #-17]	@ zero_extendqisi2
 3453 0348 083003E2 		and	r3, r3, #8
 3454 034c 000053E3 		cmp	r3, #0
 3455 0350 0100001A 		bne	.L28
 113:../keyboard.c **** 			value = 4;
 3456              		.loc 1 113 0
 3457 0354 0430A0E3 		mov	r3, #4
 3458 0358 10300BE5 		str	r3, [fp, #-16]
 3459              	.L28:
 114:../keyboard.c **** 		return value;
 3460              		.loc 1 114 0
 3461 035c 10301BE5 		ldr	r3, [fp, #-16]
 3462 0360 4C0000EA 		b	.L25
 3463              	.L26:
 115:../keyboard.c **** 	}
 116:../keyboard.c **** 	/* linea 3 */
 117:../keyboard.c **** 	temp = *(keyboard_base+0xf7);
 3464              		.loc 1 117 0
 3465 0364 3C319FE5 		ldr	r3, .L41
 3466 0368 003093E5 		ldr	r3, [r3, #0]
 3467 036c F73083E2 		add	r3, r3, #247
 3468 0370 0030D3E5 		ldrb	r3, [r3, #0]
 3469 0374 11304BE5 		strb	r3, [fp, #-17]
 118:../keyboard.c **** 	if(( temp & KEY_VALUE_MASK) != KEY_VALUE_MASK)
 3470              		.loc 1 118 0
 3471 0378 11305BE5 		ldrb	r3, [fp, #-17]	@ zero_extendqisi2
 3472 037c 0F3003E2 		and	r3, r3, #15
 3473 0380 0F0053E3 		cmp	r3, #15
 3474 0384 1C00000A 		beq	.L31
 119:../keyboard.c **** 	{
 120:../keyboard.c **** 		if( (temp&0x1) == 0 )
 3475              		.loc 1 120 0
 3476 0388 11305BE5 		ldrb	r3, [fp, #-17]	@ zero_extendqisi2
 3477 038c 013003E2 		and	r3, r3, #1
 3478 0390 000053E3 		cmp	r3, #0
 3479 0394 0200001A 		bne	.L32
 121:../keyboard.c **** 			value = 0xb;
 3480              		.loc 1 121 0
 3481 0398 0B30A0E3 		mov	r3, #11
 3482 039c 10300BE5 		str	r3, [fp, #-16]
 3483 03a0 130000EA 		b	.L33
 3484              	.L32:
 122:../keyboard.c **** 		else if( (temp&0x2) == 0 )
 3485              		.loc 1 122 0
 3486 03a4 11305BE5 		ldrb	r3, [fp, #-17]	@ zero_extendqisi2
 3487 03a8 023003E2 		and	r3, r3, #2
 3488 03ac 000053E3 		cmp	r3, #0
 3489 03b0 0200001A 		bne	.L34
 123:../keyboard.c **** 			value = 0xa;
 3490              		.loc 1 123 0
 3491 03b4 0A30A0E3 		mov	r3, #10
 3492 03b8 10300BE5 		str	r3, [fp, #-16]
 3493 03bc 0C0000EA 		b	.L33
 3494              	.L34:
 124:../keyboard.c **** 		else if( (temp&0x4) == 0 )
 3495              		.loc 1 124 0
 3496 03c0 11305BE5 		ldrb	r3, [fp, #-17]	@ zero_extendqisi2
 3497 03c4 043003E2 		and	r3, r3, #4
 3498 03c8 000053E3 		cmp	r3, #0
 3499 03cc 0200001A 		bne	.L35
 125:../keyboard.c **** 			value = 9;
 3500              		.loc 1 125 0
 3501 03d0 0930A0E3 		mov	r3, #9
 3502 03d4 10300BE5 		str	r3, [fp, #-16]
 3503 03d8 050000EA 		b	.L33
 3504              	.L35:
 126:../keyboard.c **** 		else if( (temp&0x8) == 0 )
 3505              		.loc 1 126 0
 3506 03dc 11305BE5 		ldrb	r3, [fp, #-17]	@ zero_extendqisi2
 3507 03e0 083003E2 		and	r3, r3, #8
 3508 03e4 000053E3 		cmp	r3, #0
 3509 03e8 0100001A 		bne	.L33
 127:../keyboard.c **** 			value = 8;
 3510              		.loc 1 127 0
 3511 03ec 0830A0E3 		mov	r3, #8
 3512 03f0 10300BE5 		str	r3, [fp, #-16]
 3513              	.L33:
 128:../keyboard.c **** 		return value;
 3514              		.loc 1 128 0
 3515 03f4 10301BE5 		ldr	r3, [fp, #-16]
 3516 03f8 260000EA 		b	.L25
 3517              	.L31:
 129:../keyboard.c **** 	}
 130:../keyboard.c **** 	/* linea 4 */
 131:../keyboard.c **** 	temp = *(keyboard_base+0xef);
 3518              		.loc 1 131 0
 3519 03fc A4309FE5 		ldr	r3, .L41
 3520 0400 003093E5 		ldr	r3, [r3, #0]
 3521 0404 EF3083E2 		add	r3, r3, #239
 3522 0408 0030D3E5 		ldrb	r3, [r3, #0]
 3523 040c 11304BE5 		strb	r3, [fp, #-17]
 132:../keyboard.c **** 	if(( temp & KEY_VALUE_MASK) != KEY_VALUE_MASK)
 3524              		.loc 1 132 0
 3525 0410 11305BE5 		ldrb	r3, [fp, #-17]	@ zero_extendqisi2
 3526 0414 0F3003E2 		and	r3, r3, #15
 3527 0418 0F0053E3 		cmp	r3, #15
 3528 041c 1C00000A 		beq	.L36
 133:../keyboard.c **** 	{
 134:../keyboard.c **** 		if( (temp&0x1) == 0 )
 3529              		.loc 1 134 0
 3530 0420 11305BE5 		ldrb	r3, [fp, #-17]	@ zero_extendqisi2
 3531 0424 013003E2 		and	r3, r3, #1
 3532 0428 000053E3 		cmp	r3, #0
 3533 042c 0200001A 		bne	.L37
 135:../keyboard.c **** 			value = 0xf;
 3534              		.loc 1 135 0
 3535 0430 0F30A0E3 		mov	r3, #15
 3536 0434 10300BE5 		str	r3, [fp, #-16]
 3537 0438 130000EA 		b	.L38
 3538              	.L37:
 136:../keyboard.c **** 		else if( (temp&0x2) == 0 )
 3539              		.loc 1 136 0
 3540 043c 11305BE5 		ldrb	r3, [fp, #-17]	@ zero_extendqisi2
 3541 0440 023003E2 		and	r3, r3, #2
 3542 0444 000053E3 		cmp	r3, #0
 3543 0448 0200001A 		bne	.L39
 137:../keyboard.c **** 			value = 0xe;
 3544              		.loc 1 137 0
 3545 044c 0E30A0E3 		mov	r3, #14
 3546 0450 10300BE5 		str	r3, [fp, #-16]
 3547 0454 0C0000EA 		b	.L38
 3548              	.L39:
 138:../keyboard.c **** 		else if( (temp&0x4) == 0 )
 3549              		.loc 1 138 0
 3550 0458 11305BE5 		ldrb	r3, [fp, #-17]	@ zero_extendqisi2
 3551 045c 043003E2 		and	r3, r3, #4
 3552 0460 000053E3 		cmp	r3, #0
 3553 0464 0200001A 		bne	.L40
 139:../keyboard.c **** 			value = 0xd;
 3554              		.loc 1 139 0
 3555 0468 0D30A0E3 		mov	r3, #13
 3556 046c 10300BE5 		str	r3, [fp, #-16]
 3557 0470 050000EA 		b	.L38
 3558              	.L40:
 140:../keyboard.c **** 		else if( (temp&0x8) == 0 )
 3559              		.loc 1 140 0
 3560 0474 11305BE5 		ldrb	r3, [fp, #-17]	@ zero_extendqisi2
 3561 0478 083003E2 		and	r3, r3, #8
 3562 047c 000053E3 		cmp	r3, #0
 3563 0480 0100001A 		bne	.L38
 141:../keyboard.c **** 			value = 0xc;
 3564              		.loc 1 141 0
 3565 0484 0C30A0E3 		mov	r3, #12
 3566 0488 10300BE5 		str	r3, [fp, #-16]
 3567              	.L38:
 142:../keyboard.c **** 		return value;
 3568              		.loc 1 142 0
 3569 048c 10301BE5 		ldr	r3, [fp, #-16]
 3570 0490 000000EA 		b	.L25
 3571              	.L36:
 143:../keyboard.c **** 	}
 144:../keyboard.c **** 	return -1;
 3572              		.loc 1 144 0
 3573 0494 0030E0E3 		mvn	r3, #0
 3574              	.L25:
 145:../keyboard.c **** }
 3575              		.loc 1 145 0
 3576 0498 0300A0E1 		mov	r0, r3
 3577 049c 0CD04BE2 		sub	sp, fp, #12
 3578 04a0 00689DE8 		ldmfd	sp, {fp, sp, lr}
 3579 04a4 1EFF2FE1 		bx	lr
 3580              	.L42:
 3581              		.align	2
 3582              	.L41:
 3583 04a8 00000000 		.word	keyboard_base
 3584              		.cfi_endproc
 3585              	.LFE4:
 3587              	.Letext0:
DEFINED SYMBOLS
                            *ABS*:00000000 keyboard.c
C:\Users\USUARI~1\AppData\Local\Temp\ccovaeFf.s:3054   .data:00000000 keyboard_base
C:\Users\USUARI~1\AppData\Local\Temp\ccovaeFf.s:3051   .data:00000000 $d
                            *COM*:00000004 key
C:\Users\USUARI~1\AppData\Local\Temp\ccovaeFf.s:3061   .data:00000004 modo
C:\Users\USUARI~1\AppData\Local\Temp\ccovaeFf.s:3064   .text:00000000 $a
C:\Users\USUARI~1\AppData\Local\Temp\ccovaeFf.s:3067   .text:00000000 EliminaRebotes
C:\Users\USUARI~1\AppData\Local\Temp\ccovaeFf.s:3116   .text:0000005c $d
C:\Users\USUARI~1\AppData\Local\Temp\ccovaeFf.s:3120   .text:00000060 $a
C:\Users\USUARI~1\AppData\Local\Temp\ccovaeFf.s:3123   .text:00000060 init_keyboard
C:\Users\USUARI~1\AppData\Local\Temp\ccovaeFf.s:3194   .text:00000108 $d
C:\Users\USUARI~1\AppData\Local\Temp\ccovaeFf.s:3211   .text:00000134 Eint1_ISR
C:\Users\USUARI~1\AppData\Local\Temp\ccovaeFf.s:3208   .text:00000134 $a
C:\Users\USUARI~1\AppData\Local\Temp\ccovaeFf.s:3338   .text:00000224 key_read
C:\Users\USUARI~1\AppData\Local\Temp\ccovaeFf.s:3291   .text:000001e4 $d
C:\Users\USUARI~1\AppData\Local\Temp\ccovaeFf.s:3298   .text:000001f4 $a
C:\Users\USUARI~1\AppData\Local\Temp\ccovaeFf.s:3301   .text:000001f4 modoClave
C:\Users\USUARI~1\AppData\Local\Temp\ccovaeFf.s:3331   .text:00000220 $d
C:\Users\USUARI~1\AppData\Local\Temp\ccovaeFf.s:3335   .text:00000224 $a
C:\Users\USUARI~1\AppData\Local\Temp\ccovaeFf.s:3583   .text:000004a8 $d
                     .debug_frame:00000010 $d

UNDEFINED SYMBOLS
insertarClave
insertarIntento
