Archive member included because of file (symbol)

c:/software/electronica/arm/eclipsearm/sourcery-g++-lite-arm-2011.03/bin/../lib/gcc/arm-none-eabi/4.5.2\libgcc.a(_divsi3.o)
                              ./44blib.o (__aeabi_idiv)
c:/software/electronica/arm/eclipsearm/sourcery-g++-lite-arm-2011.03/bin/../lib/gcc/arm-none-eabi/4.5.2\libgcc.a(_dvmd_tls.o)
                              c:/software/electronica/arm/eclipsearm/sourcery-g++-lite-arm-2011.03/bin/../lib/gcc/arm-none-eabi/4.5.2\libgcc.a(_divsi3.o) (__aeabi_idiv0)

Allocating common symbols
Common symbol       size              file

fileSize            0x4               ./44blib.o
key                 0x4               ./keyboard.o
downPt              0x4               ./44blib.o

Memory Configuration

Name             Origin             Length             Attributes
*default*        0x00000000         0xffffffff

Linker script and memory map

LOAD ./44binit.o
LOAD ./44blib.o
LOAD ./8seg.o
LOAD ./buffer.o
LOAD ./keyboard.o
LOAD ./main.o
LOAD ./timer.o
LOAD ./timer_init.o
START GROUP
LOAD c:/software/electronica/arm/eclipsearm/sourcery-g++-lite-arm-2011.03/bin/../lib/gcc/arm-none-eabi/4.5.2\libgcc.a
LOAD c:/software/electronica/arm/eclipsearm/sourcery-g++-lite-arm-2011.03/bin/../lib/gcc/arm-none-eabi/4.5.2/../../../../arm-none-eabi/lib\libc.a
END GROUP
                0x0c000000                . = 0xc000000
                0x0c000000                Image_RO_Base = .

.text           0x0c000000     0x1608
 *(.text)
 .text          0x0c000000      0x71c ./44binit.o
 .text          0x0c00071c      0x46c ./44blib.o
                0x0c00071c                Delay
                0x0c000854                DelayMs
                0x0c0008b8                Port_Init
                0x0c000a48                malloc
                0x0c000ae8                free
                0x0c000b18                sys_init
 .text          0x0c000b88      0x190 ./8seg.o
                0x0c000b88                D8Led_init
                0x0c000bac                D8Led_symbol
 .text          0x0c000d18      0x204 ./buffer.o
                0x0c000d18                insertarClave
                0x0c000d78                leerClave
                0x0c000dac                insertarIntento
                0x0c000e0c                leerIntento
                0x0c000e40                resetIntento
                0x0c000e8c                comparar
 .text          0x0c000f1c      0x434 ./keyboard.o
                0x0c000f1c                EliminaRebotes
                0x0c000f7c                init_keyboard
                0x0c001058                Eint1_ISR
                0x0c0010c8                key_read
 .text          0x0c001350       0x30 ./main.o
                0x0c001350                main
 .text          0x0c001380       0x8c ./timer.o
                0x0c001380                timer_ISR
 .text          0x0c00140c       0xb0 ./timer_init.o
                0x0c00140c                TIMER_init
 .text          0x0c0014bc      0x148 c:/software/electronica/arm/eclipsearm/sourcery-g++-lite-arm-2011.03/bin/../lib/gcc/arm-none-eabi/4.5.2\libgcc.a(_divsi3.o)
                0x0c0014bc                __divsi3
                0x0c0014bc                __aeabi_idiv
                0x0c0015e4                __aeabi_idivmod
 .text          0x0c001604        0x4 c:/software/electronica/arm/eclipsearm/sourcery-g++-lite-arm-2011.03/bin/../lib/gcc/arm-none-eabi/4.5.2\libgcc.a(_dvmd_tls.o)
                0x0c001604                __aeabi_idiv0
                0x0c001604                __aeabi_ldiv0
                0x0c001608                Image_RO_Limit = .
                0x0c001608                Image_RW_Base = .

.glue_7         0x0c001608        0x0
 .glue_7        0x00000000        0x0 linker stubs

.glue_7t        0x0c001608        0x0
 .glue_7t       0x00000000        0x0 linker stubs

.vfp11_veneer   0x0c001608        0x0
 .vfp11_veneer  0x00000000        0x0 linker stubs

.v4_bx          0x0c001608        0x0
 .v4_bx         0x00000000        0x0 linker stubs

.data           0x0c001608       0x38
 *(.data)
 .data          0x0c001608        0x6 ./44binit.o
                0x0c001608                BDRAMTYPE
 *fill*         0x0c00160e        0x2 00
 .data          0x0c001610        0xc ./44blib.o
                0x0c001610                mallocPt
                0x0c001614                run
 .data          0x0c00161c       0x1c ./8seg.o
                0x0c00161c                Symbol
 .data          0x0c001638        0x0 ./buffer.o
 .data          0x0c001638        0x4 ./keyboard.o
                0x0c001638                keyboard_base
 .data          0x0c00163c        0x4 ./main.o
                0x0c00163c                symbol
 .data          0x0c001640        0x0 ./timer.o
 .data          0x0c001640        0x0 ./timer_init.o
 .data          0x0c001640        0x0 c:/software/electronica/arm/eclipsearm/sourcery-g++-lite-arm-2011.03/bin/../lib/gcc/arm-none-eabi/4.5.2\libgcc.a(_divsi3.o)
 .data          0x0c001640        0x0 c:/software/electronica/arm/eclipsearm/sourcery-g++-lite-arm-2011.03/bin/../lib/gcc/arm-none-eabi/4.5.2\libgcc.a(_dvmd_tls.o)

.rodata
 *(.rodata)
                0x0c001640                Image_RW_Limit = .
                0x0c001640                Image_ZI_Base = .

.bss            0x0c001640       0x34
 *(.bss)
 .bss           0x0c001640        0x0 ./44binit.o
 .bss           0x0c001640        0x4 ./44blib.o
                0x0c001640                restart
 .bss           0x0c001644        0x0 ./8seg.o
 .bss           0x0c001644       0x20 ./buffer.o
                0x0c001644                clave
                0x0c001654                intento
 .bss           0x0c001664        0x0 ./keyboard.o
 .bss           0x0c001664        0x0 ./main.o
 .bss           0x0c001664        0x4 ./timer.o
                0x0c001664                posicion
 .bss           0x0c001668        0x0 ./timer_init.o
 .bss           0x0c001668        0x0 c:/software/electronica/arm/eclipsearm/sourcery-g++-lite-arm-2011.03/bin/../lib/gcc/arm-none-eabi/4.5.2\libgcc.a(_divsi3.o)
 .bss           0x0c001668        0x0 c:/software/electronica/arm/eclipsearm/sourcery-g++-lite-arm-2011.03/bin/../lib/gcc/arm-none-eabi/4.5.2\libgcc.a(_dvmd_tls.o)
 COMMON         0x0c001668        0x8 ./44blib.o
                0x0c001668                fileSize
                0x0c00166c                downPt
 COMMON         0x0c001670        0x4 ./keyboard.o
                0x0c001670                key
                0x0c001674                Image_ZI_Limit = .
                0x0c001674                __bss_start__ = .
                0x0c001674                __bss_end__ = .
                0x0c001674                __EH_FRAME_BEGIN__ = .
                0x0c001674                __EH_FRAME_END__ = .
                0x0c001674                PROVIDE (__stack, .)
                0x0c001674                end = .
                0x0c001674                _end = .

.ARM.attributes
                0x00000000       0x2e
 .ARM.attributes
                0x00000000       0x22 ./44binit.o
 .ARM.attributes
                0x00000022       0x32 ./44blib.o
 .ARM.attributes
                0x00000054       0x32 ./8seg.o
 .ARM.attributes
                0x00000086       0x32 ./buffer.o
 .ARM.attributes
                0x000000b8       0x32 ./keyboard.o
 .ARM.attributes
                0x000000ea       0x32 ./main.o
 .ARM.attributes
                0x0000011c       0x32 ./timer.o
 .ARM.attributes
                0x0000014e       0x22 ./timer_init.o
 .ARM.attributes
                0x00000170       0x1a c:/software/electronica/arm/eclipsearm/sourcery-g++-lite-arm-2011.03/bin/../lib/gcc/arm-none-eabi/4.5.2\libgcc.a(_divsi3.o)
 .ARM.attributes
                0x0000018a       0x18 c:/software/electronica/arm/eclipsearm/sourcery-g++-lite-arm-2011.03/bin/../lib/gcc/arm-none-eabi/4.5.2\libgcc.a(_dvmd_tls.o)

.comment        0x00000000       0x2a
 .comment       0x00000000       0x2a ./44blib.o
                                 0x2b (size before relaxing)
 .comment       0x00000000       0x2b ./8seg.o
 .comment       0x00000000       0x2b ./buffer.o
 .comment       0x00000000       0x2b ./keyboard.o
 .comment       0x00000000       0x2b ./main.o
 .comment       0x00000000       0x2b ./timer.o

.debug_info     0x00000000      0x757
 *(.debug_info)
 .debug_info    0x00000000       0x66 ./44binit.o
 .debug_info    0x00000066      0x229 ./44blib.o
 .debug_info    0x0000028f       0x97 ./8seg.o
 .debug_info    0x00000326      0x199 ./buffer.o
 .debug_info    0x000004bf      0x161 ./keyboard.o
 .debug_info    0x00000620       0x69 ./main.o
 .debug_info    0x00000689       0x65 ./timer.o
 .debug_info    0x000006ee       0x69 ./timer_init.o

.debug_line     0x00000000      0xe07
 *(.debug_line)
 .debug_line    0x00000000      0x10e ./44binit.o
 .debug_line    0x0000010e      0x3d8 ./44blib.o
 .debug_line    0x000004e6       0x87 ./8seg.o
 .debug_line    0x0000056d      0x358 ./buffer.o
 .debug_line    0x000008c5      0x3ef ./keyboard.o
 .debug_line    0x00000cb4       0x6c ./main.o
 .debug_line    0x00000d20       0x86 ./timer.o
 .debug_line    0x00000da6       0x61 ./timer_init.o

.debug_abbrev   0x00000000      0x42b
 *(.debug_abbrev)
 .debug_abbrev  0x00000000       0x14 ./44binit.o
 .debug_abbrev  0x00000014      0x11f ./44blib.o
 .debug_abbrev  0x00000133       0x8a ./8seg.o
 .debug_abbrev  0x000001bd       0xc7 ./buffer.o
 .debug_abbrev  0x00000284       0xe1 ./keyboard.o
 .debug_abbrev  0x00000365       0x5a ./main.o
 .debug_abbrev  0x000003bf       0x58 ./timer.o
 .debug_abbrev  0x00000417       0x14 ./timer_init.o

.debug_frame    0x00000000      0x318
 *(.debug_frame)
 .debug_frame   0x00000000       0xd0 ./44blib.o
 .debug_frame   0x000000d0       0x50 ./8seg.o
 .debug_frame   0x00000120       0xd0 ./buffer.o
 .debug_frame   0x000001f0       0x9c ./keyboard.o
 .debug_frame   0x0000028c       0x30 ./main.o
 .debug_frame   0x000002bc       0x3c ./timer.o
 .debug_frame   0x000002f8       0x20 c:/software/electronica/arm/eclipsearm/sourcery-g++-lite-arm-2011.03/bin/../lib/gcc/arm-none-eabi/4.5.2\libgcc.a(_divsi3.o)
OUTPUT(Practica3.elf elf32-littlearm)

.debug_aranges  0x00000000      0x100
 .debug_aranges
                0x00000000       0x20 ./44binit.o
 .debug_aranges
                0x00000020       0x20 ./44blib.o
 .debug_aranges
                0x00000040       0x20 ./8seg.o
 .debug_aranges
                0x00000060       0x20 ./buffer.o
 .debug_aranges
                0x00000080       0x20 ./keyboard.o
 .debug_aranges
                0x000000a0       0x20 ./main.o
 .debug_aranges
                0x000000c0       0x20 ./timer.o
 .debug_aranges
                0x000000e0       0x20 ./timer_init.o

.debug_macinfo  0x00000000    0x2450d
 .debug_macinfo
                0x00000000     0x82fb ./44blib.o
 .debug_macinfo
                0x000082fb     0x55bf ./8seg.o
 .debug_macinfo
                0x0000d8ba     0x4cd3 ./buffer.o
 .debug_macinfo
                0x0001258d     0x7e32 ./keyboard.o
 .debug_macinfo
                0x0001a3bf     0x50a3 ./main.o
 .debug_macinfo
                0x0001f462     0x50ab ./timer.o

.debug_loc      0x00000000      0x370
 .debug_loc     0x00000000      0x108 ./44blib.o
 .debug_loc     0x00000108       0x58 ./8seg.o
 .debug_loc     0x00000160      0x108 ./buffer.o
 .debug_loc     0x00000268       0xb0 ./keyboard.o
 .debug_loc     0x00000318       0x2c ./main.o
 .debug_loc     0x00000344       0x2c ./timer.o

.debug_pubnames
                0x00000000      0x216
 .debug_pubnames
                0x00000000       0x90 ./44blib.o
 .debug_pubnames
                0x00000090       0x3d ./8seg.o
 .debug_pubnames
                0x000000cd       0x8a ./buffer.o
 .debug_pubnames
                0x00000157       0x6c ./keyboard.o
 .debug_pubnames
                0x000001c3       0x26 ./main.o
 .debug_pubnames
                0x000001e9       0x2d ./timer.o

.debug_pubtypes
                0x00000000       0x36
 .debug_pubtypes
                0x00000000       0x12 ./44blib.o
 .debug_pubtypes
                0x00000012       0x12 ./buffer.o
 .debug_pubtypes
                0x00000024       0x12 ./keyboard.o

.debug_str      0x00000000      0x237
 .debug_str     0x00000000      0x120 ./44blib.o
                                0x15e (size before relaxing)
 .debug_str     0x00000120       0x2f ./8seg.o
                                 0x76 (size before relaxing)
 .debug_str     0x0000014f       0x73 ./buffer.o
                                0x136 (size before relaxing)
 .debug_str     0x000001c2       0x51 ./keyboard.o
                                0x11a (size before relaxing)
 .debug_str     0x00000213        0xf ./main.o
                                 0x50 (size before relaxing)
 .debug_str     0x00000222       0x15 ./timer.o
                                 0x58 (size before relaxing)
