
Allocating common symbols
Common symbol       size              file

led_state           0x4               ./led.o

Memory Configuration

Name             Origin             Length             Attributes
*default*        0x00000000         0xffffffff

Linker script and memory map

LOAD ./boton.o
LOAD ./init.o
LOAD ./led.o
LOAD ./main.o
START GROUP
LOAD c:/software/electronica/arm/eclipsearm/sourcery-g++-lite-arm-2011.03/bin/../lib/gcc/arm-none-eabi/4.5.2\libgcc.a
LOAD c:/software/electronica/arm/eclipsearm/sourcery-g++-lite-arm-2011.03/bin/../lib/gcc/arm-none-eabi/4.5.2/../../../../arm-none-eabi/lib\libc.a
END GROUP
                0x0c000000                . = 0xc000000
                0x0c000000                Image_RO_Base = .

.text           0x0c000000      0xc68
 *(.text)
 .text          0x0c000000      0x140 ./boton.o
                0x0c000000                EliminaRebotes
                0x0c000060                Calma
                0x0c0000c0                DoDetecta
 .text          0x0c000140      0x574 ./init.o
                0x0c000140                start
                0x0c000248                DoSWI
                0x0c000250                DoUndef
                0x0c000258                DoDabort
                0x0c000264                screen
 .text          0x0c0006b4      0x318 ./led.o
                0x0c0006b4                init_leds
                0x0c000700                leds_on
                0x0c000720                leds_off
                0x0c000740                led1_on
                0x0c000780                led1_off
                0x0c0007c0                led2_on
                0x0c000800                led2_off
                0x0c000840                switchLed1
                0x0c000888                switchLed2
                0x0c0008d0                leds_switch
                0x0c000910                Led_Display
 .text          0x0c0009cc      0x29c ./main.o
                0x0c0009cc                write
                0x0c000a2c                ISR_Undef
                0x0c000a68                ISR_FIQ
                0x0c000aa4                ISR_SWI
                0x0c000ae0                ISR_Pabort
                0x0c000b1c                ISR_Dabort
                0x0c000b58                InitPorts
                0x0c000bbc                IntInit
                0x0c000c44                main
                0x0c000c68                Image_RO_Limit = .
                0x0c000c68                Image_RW_Base = .

.glue_7         0x0c000c68        0x0
 .glue_7        0x00000000        0x0 linker stubs

.glue_7t        0x0c000c68        0x0
 .glue_7t       0x00000000        0x0 linker stubs

.vfp11_veneer   0x0c000c68        0x0
 .vfp11_veneer  0x00000000        0x0 linker stubs

.v4_bx          0x0c000c68        0x0
 .v4_bx         0x00000000        0x0 linker stubs

.data           0x0c000c68        0x4
 *(.data)
 .data          0x0c000c68        0x0 ./boton.o
 .data          0x0c000c68        0x0 ./init.o
 .data          0x0c000c68        0x0 ./led.o
 .data          0x0c000c68        0x4 ./main.o
                0x0c000c68                Screen

.rodata         0x0c000c6c       0x28
 *(.rodata)
 .rodata        0x0c000c6c       0x28 ./main.o
                0x0c000c94                Image_RW_Limit = .
                0x0c000c94                Image_ZI_Base = .

.bss            0x0c000c94        0x8
 *(.bss)
 .bss           0x0c000c94        0x4 ./boton.o
                0x0c000c94                update
 .bss           0x0c000c98        0x0 ./init.o
 .bss           0x0c000c98        0x0 ./led.o
 .bss           0x0c000c98        0x0 ./main.o
 COMMON         0x0c000c98        0x4 ./led.o
                0x0c000c98                led_state
                0x0c000c9c                Image_ZI_Limit = .
                0x0c000c9c                __bss_start__ = .
                0x0c000c9c                __bss_end__ = .
                0x0c000c9c                __EH_FRAME_BEGIN__ = .
                0x0c000c9c                __EH_FRAME_END__ = .
                0x0c000c9c                PROVIDE (__stack, .)
                0x0c000c9c                end = .
                0x0c000c9c                _end = .

.comment        0x00000000       0x2a
 .comment       0x00000000       0x2a ./boton.o
                                 0x2b (size before relaxing)
 .comment       0x00000000       0x2b ./led.o
 .comment       0x00000000       0x2b ./main.o

.ARM.attributes
                0x00000000       0x30
 .ARM.attributes
                0x00000000       0x32 ./boton.o
 .ARM.attributes
                0x00000032       0x22 ./init.o
 .ARM.attributes
                0x00000054       0x32 ./led.o
 .ARM.attributes
                0x00000086       0x32 ./main.o

.debug_info     0x00000000      0x3f8
 *(.debug_info)
 .debug_info    0x00000000       0xee ./boton.o
 .debug_info    0x000000ee       0x66 ./init.o
 .debug_info    0x00000154      0x140 ./led.o
 .debug_info    0x00000294      0x164 ./main.o

.debug_line     0x00000000      0x25e
 *(.debug_line)
 .debug_line    0x00000000       0x94 ./boton.o
 .debug_line    0x00000094       0x87 ./init.o
 .debug_line    0x0000011b       0xa1 ./led.o
 .debug_line    0x000001bc       0xa2 ./main.o

.debug_abbrev   0x00000000      0x1b9
 *(.debug_abbrev)
 .debug_abbrev  0x00000000       0x72 ./boton.o
 .debug_abbrev  0x00000072       0x14 ./init.o
 .debug_abbrev  0x00000086       0x7c ./led.o
 .debug_abbrev  0x00000102       0xb7 ./main.o

.debug_frame    0x00000000      0x34c
 *(.debug_frame)
 .debug_frame   0x00000000       0x70 ./boton.o
 .debug_frame   0x00000070      0x170 ./led.o
 .debug_frame   0x000001e0      0x16c ./main.o
OUTPUT(Practica2.elf elf32-littlearm)

.debug_macinfo  0x00000000     0xf0dc
 .debug_macinfo
                0x00000000     0x50d6 ./boton.o
 .debug_macinfo
                0x000050d6     0x50a3 ./led.o
 .debug_macinfo
                0x0000a179     0x4f63 ./main.o

.debug_loc      0x00000000      0x3f4
 .debug_loc     0x00000000       0x84 ./boton.o
 .debug_loc     0x00000084      0x1e4 ./led.o
 .debug_loc     0x00000268      0x18c ./main.o

.debug_pubnames
                0x00000000      0x18d
 .debug_pubnames
                0x00000000       0x48 ./boton.o
 .debug_pubnames
                0x00000048       0xb7 ./led.o
 .debug_pubnames
                0x000000ff       0x8e ./main.o

.debug_aranges  0x00000000       0x80
 .debug_aranges
                0x00000000       0x20 ./boton.o
 .debug_aranges
                0x00000020       0x20 ./init.o
 .debug_aranges
                0x00000040       0x20 ./led.o
 .debug_aranges
                0x00000060       0x20 ./main.o

.debug_str      0x00000000      0x184
 .debug_str     0x00000000       0x85 ./boton.o
 .debug_str     0x00000085       0x88 ./led.o
                                 0xc5 (size before relaxing)
 .debug_str     0x0000010d       0x77 ./main.o
                                 0xb4 (size before relaxing)
