
Allocating common symbols
Common symbol       size              file

led_state           0x4               ./led.o

Memory Configuration

Name             Origin             Length             Attributes
*default*        0x00000000         0xffffffff

Linker script and memory map

LOAD ./boton.o
LOAD ./init.o
LOAD ./led.o
LOAD ./main.o
START GROUP
LOAD c:/software/electronica/arm/eclipsearm/sourcery-g++-lite-arm-2011.03/bin/../lib/gcc/arm-none-eabi/4.5.2\libgcc.a
LOAD c:/software/electronica/arm/eclipsearm/sourcery-g++-lite-arm-2011.03/bin/../lib/gcc/arm-none-eabi/4.5.2/../../../../arm-none-eabi/lib\libc.a
END GROUP
                0x0c000000                . = 0xc000000
                0x0c000000                Image_RO_Base = .

.text           0x0c000000      0xc04
 *(.text)
 .text          0x0c000000       0xdc ./boton.o
                0x0c000000                EliminaRebotes
                0x0c000060                DoDetecta
 .text          0x0c0000dc      0x574 ./init.o
                0x0c0000dc                start
                0x0c0001e4                DoSWI
                0x0c0001ec                DoUndef
                0x0c0001f4                DoDabort
                0x0c000200                screen
 .text          0x0c000650      0x318 ./led.o
                0x0c000650                init_leds
                0x0c00069c                leds_on
                0x0c0006bc                leds_off
                0x0c0006dc                led1_on
                0x0c00071c                led1_off
                0x0c00075c                led2_on
                0x0c00079c                led2_off
                0x0c0007dc                switchLed1
                0x0c000824                switchLed2
                0x0c00086c                leds_switch
                0x0c0008ac                Led_Display
 .text          0x0c000968      0x29c ./main.o
                0x0c000968                write
                0x0c0009c8                ISR_Undef
                0x0c000a04                ISR_FIQ
                0x0c000a40                ISR_SWI
                0x0c000a7c                ISR_Pabort
                0x0c000ab8                ISR_Dabort
                0x0c000af4                InitPorts
                0x0c000b58                IntInit
                0x0c000be0                main
                0x0c000c04                Image_RO_Limit = .
                0x0c000c04                Image_RW_Base = .

.glue_7         0x0c000c04        0x0
 .glue_7        0x00000000        0x0 linker stubs

.glue_7t        0x0c000c04        0x0
 .glue_7t       0x00000000        0x0 linker stubs

.vfp11_veneer   0x0c000c04        0x0
 .vfp11_veneer  0x00000000        0x0 linker stubs

.v4_bx          0x0c000c04        0x0
 .v4_bx         0x00000000        0x0 linker stubs

.data           0x0c000c04        0x4
 *(.data)
 .data          0x0c000c04        0x0 ./boton.o
 .data          0x0c000c04        0x0 ./init.o
 .data          0x0c000c04        0x0 ./led.o
 .data          0x0c000c04        0x4 ./main.o
                0x0c000c04                Screen

.rodata         0x0c000c08       0x28
 *(.rodata)
 .rodata        0x0c000c08       0x28 ./main.o
                0x0c000c30                Image_RW_Limit = .
                0x0c000c30                Image_ZI_Base = .

.bss            0x0c000c30        0x8
 *(.bss)
 .bss           0x0c000c30        0x4 ./boton.o
                0x0c000c30                update
 .bss           0x0c000c34        0x0 ./init.o
 .bss           0x0c000c34        0x0 ./led.o
 .bss           0x0c000c34        0x0 ./main.o
 COMMON         0x0c000c34        0x4 ./led.o
                0x0c000c34                led_state
                0x0c000c38                Image_ZI_Limit = .
                0x0c000c38                __bss_start__ = .
                0x0c000c38                __bss_end__ = .
                0x0c000c38                __EH_FRAME_BEGIN__ = .
                0x0c000c38                __EH_FRAME_END__ = .
                0x0c000c38                PROVIDE (__stack, .)
                0x0c000c38                end = .
                0x0c000c38                _end = .

.comment        0x00000000       0x2a
 .comment       0x00000000       0x2a ./boton.o
                                 0x2b (size before relaxing)
 .comment       0x00000000       0x2b ./led.o
 .comment       0x00000000       0x2b ./main.o

.ARM.attributes
                0x00000000       0x30
 .ARM.attributes
                0x00000000       0x32 ./boton.o
 .ARM.attributes
                0x00000032       0x22 ./init.o
 .ARM.attributes
                0x00000054       0x32 ./led.o
 .ARM.attributes
                0x00000086       0x32 ./main.o

.debug_info     0x00000000      0x3bb
 *(.debug_info)
 .debug_info    0x00000000       0xb0 ./boton.o
 .debug_info    0x000000b0       0x67 ./init.o
 .debug_info    0x00000117      0x140 ./led.o
 .debug_info    0x00000257      0x164 ./main.o

.debug_line     0x00000000      0x251
 *(.debug_line)
 .debug_line    0x00000000       0x87 ./boton.o
 .debug_line    0x00000087       0x87 ./init.o
 .debug_line    0x0000010e       0xa1 ./led.o
 .debug_line    0x000001af       0xa2 ./main.o

.debug_abbrev   0x00000000      0x1b9
 *(.debug_abbrev)
 .debug_abbrev  0x00000000       0x72 ./boton.o
 .debug_abbrev  0x00000072       0x14 ./init.o
 .debug_abbrev  0x00000086       0x7c ./led.o
 .debug_abbrev  0x00000102       0xb7 ./main.o

.debug_frame    0x00000000      0x32c
 *(.debug_frame)
 .debug_frame   0x00000000       0x50 ./boton.o
 .debug_frame   0x00000050      0x170 ./led.o
 .debug_frame   0x000001c0      0x16c ./main.o
OUTPUT(Practica2b.elf elf32-littlearm)

.debug_macinfo  0x00000000     0xf0dc
 .debug_macinfo
                0x00000000     0x50d6 ./boton.o
 .debug_macinfo
                0x000050d6     0x50a3 ./led.o
 .debug_macinfo
                0x0000a179     0x4f63 ./main.o

.debug_loc      0x00000000      0x3c8
 .debug_loc     0x00000000       0x58 ./boton.o
 .debug_loc     0x00000058      0x1e4 ./led.o
 .debug_loc     0x0000023c      0x18c ./main.o

.debug_pubnames
                0x00000000      0x183
 .debug_pubnames
                0x00000000       0x3e ./boton.o
 .debug_pubnames
                0x0000003e       0xb7 ./led.o
 .debug_pubnames
                0x000000f5       0x8e ./main.o

.debug_aranges  0x00000000       0x80
 .debug_aranges
                0x00000000       0x20 ./boton.o
 .debug_aranges
                0x00000020       0x20 ./init.o
 .debug_aranges
                0x00000040       0x20 ./led.o
 .debug_aranges
                0x00000060       0x20 ./main.o

.debug_str      0x00000000      0x17f
 .debug_str     0x00000000       0x80 ./boton.o
 .debug_str     0x00000080       0x88 ./led.o
                                 0xc6 (size before relaxing)
 .debug_str     0x00000108       0x77 ./main.o
                                 0xb5 (size before relaxing)
