Archive member included because of file (symbol)

c:/software/electronica/arm/eclipsearm/sourcery-g++-lite-arm-2011.03/bin/../lib/gcc/arm-none-eabi/4.5.2\libgcc.a(_divsi3.o)
                              ./44blib.o (__aeabi_idiv)
c:/software/electronica/arm/eclipsearm/sourcery-g++-lite-arm-2011.03/bin/../lib/gcc/arm-none-eabi/4.5.2\libgcc.a(_dvmd_tls.o)
                              c:/software/electronica/arm/eclipsearm/sourcery-g++-lite-arm-2011.03/bin/../lib/gcc/arm-none-eabi/4.5.2\libgcc.a(_divsi3.o) (__aeabi_idiv0)

Allocating common symbols
Common symbol       size              file

led_state           0x4               ./led.o
fileSize            0x4               ./44blib.o
downPt              0x4               ./44blib.o

Memory Configuration

Name             Origin             Length             Attributes
*default*        0x00000000         0xffffffff

Linker script and memory map

LOAD ./44binit.o
LOAD ./44blib.o
LOAD ./8seg.o
LOAD ./Eint4567_init.o
LOAD ./boton.o
LOAD ./led.o
LOAD ./main.o
LOAD ./timer.o
LOAD ./timer_init.o
START GROUP
LOAD c:/software/electronica/arm/eclipsearm/sourcery-g++-lite-arm-2011.03/bin/../lib/gcc/arm-none-eabi/4.5.2\libgcc.a
LOAD c:/software/electronica/arm/eclipsearm/sourcery-g++-lite-arm-2011.03/bin/../lib/gcc/arm-none-eabi/4.5.2/../../../../arm-none-eabi/lib\libc.a
END GROUP
                0x0c000000                . = 0xc000000
                0x0c000000                Image_RO_Base = .

.text           0x0c000000     0x14b4
 *(.text)
 .text          0x0c000000      0x71c ./44binit.o
 .text          0x0c00071c      0x46c ./44blib.o
                0x0c00071c                Delay
                0x0c000854                DelayMs
                0x0c0008b8                Port_Init
                0x0c000a48                malloc
                0x0c000ae8                free
                0x0c000b18                sys_init
 .text          0x0c000b88      0x190 ./8seg.o
                0x0c000b88                D8Led_init
                0x0c000bac                D8Led_symbol
 .text          0x0c000d18       0xc0 ./Eint4567_init.o
                0x0c000d18                EINT4567_init
 .text          0x0c000dd8      0x180 ./boton.o
                0x0c000dd8                EliminaRebotes
                0x0c000e38                Eint4567_ISR
 .text          0x0c000f58      0x23c ./led.o
                0x0c000f58                leds_on
                0x0c000f78                leds_off
                0x0c000f98                led1_on
                0x0c000fd8                led1_off
                0x0c001018                led2_on
                0x0c001058                led2_off
                0x0c001098                leds_switch
                0x0c0010d8                Led_Display
 .text          0x0c001194       0x38 ./main.o
                0x0c001194                main
 .text          0x0c0011cc       0xec ./timer.o
                0x0c0011cc                timer_ISR
 .text          0x0c0012b8       0xb0 ./timer_init.o
                0x0c0012b8                TIMER_init
 .text          0x0c001368      0x148 c:/software/electronica/arm/eclipsearm/sourcery-g++-lite-arm-2011.03/bin/../lib/gcc/arm-none-eabi/4.5.2\libgcc.a(_divsi3.o)
                0x0c001368                __divsi3
                0x0c001368                __aeabi_idiv
                0x0c001490                __aeabi_idivmod
 .text          0x0c0014b0        0x4 c:/software/electronica/arm/eclipsearm/sourcery-g++-lite-arm-2011.03/bin/../lib/gcc/arm-none-eabi/4.5.2\libgcc.a(_dvmd_tls.o)
                0x0c0014b0                __aeabi_idiv0
                0x0c0014b0                __aeabi_ldiv0
                0x0c0014b4                Image_RO_Limit = .
                0x0c0014b4                Image_RW_Base = .

.glue_7         0x0c0014b4        0x0
 .glue_7        0x00000000        0x0 linker stubs

.glue_7t        0x0c0014b4        0x0
 .glue_7t       0x00000000        0x0 linker stubs

.vfp11_veneer   0x0c0014b4        0x0
 .vfp11_veneer  0x00000000        0x0 linker stubs

.v4_bx          0x0c0014b4        0x0
 .v4_bx         0x00000000        0x0 linker stubs

.data           0x0c0014b4       0x34
 *(.data)
 .data          0x0c0014b4        0x6 ./44binit.o
                0x0c0014b4                BDRAMTYPE
 *fill*         0x0c0014ba        0x2 00
 .data          0x0c0014bc        0xc ./44blib.o
                0x0c0014bc                mallocPt
                0x0c0014c0                run
 .data          0x0c0014c8       0x1c ./8seg.o
                0x0c0014c8                Symbol
 .data          0x0c0014e4        0x0 ./Eint4567_init.o
 .data          0x0c0014e4        0x0 ./boton.o
 .data          0x0c0014e4        0x0 ./led.o
 .data          0x0c0014e4        0x4 ./main.o
                0x0c0014e4                symbol
 .data          0x0c0014e8        0x0 ./timer.o
 .data          0x0c0014e8        0x0 ./timer_init.o
 .data          0x0c0014e8        0x0 c:/software/electronica/arm/eclipsearm/sourcery-g++-lite-arm-2011.03/bin/../lib/gcc/arm-none-eabi/4.5.2\libgcc.a(_divsi3.o)
 .data          0x0c0014e8        0x0 c:/software/electronica/arm/eclipsearm/sourcery-g++-lite-arm-2011.03/bin/../lib/gcc/arm-none-eabi/4.5.2\libgcc.a(_dvmd_tls.o)

.rodata
 *(.rodata)
                0x0c0014e8                Image_RW_Limit = .
                0x0c0014e8                Image_ZI_Base = .

.bss            0x0c0014e8       0x1c
 *(.bss)
 .bss           0x0c0014e8        0x0 ./44binit.o
 .bss           0x0c0014e8        0x4 ./44blib.o
                0x0c0014e8                restart
 .bss           0x0c0014ec        0x0 ./8seg.o
 .bss           0x0c0014ec        0x0 ./Eint4567_init.o
 .bss           0x0c0014ec        0xc ./boton.o
                0x0c0014ec                update
                0x0c0014f0                pausa
                0x0c0014f4                resetsymbol
 .bss           0x0c0014f8        0x0 ./led.o
 .bss           0x0c0014f8        0x0 ./main.o
 .bss           0x0c0014f8        0x0 ./timer.o
 .bss           0x0c0014f8        0x0 ./timer_init.o
 .bss           0x0c0014f8        0x0 c:/software/electronica/arm/eclipsearm/sourcery-g++-lite-arm-2011.03/bin/../lib/gcc/arm-none-eabi/4.5.2\libgcc.a(_divsi3.o)
 .bss           0x0c0014f8        0x0 c:/software/electronica/arm/eclipsearm/sourcery-g++-lite-arm-2011.03/bin/../lib/gcc/arm-none-eabi/4.5.2\libgcc.a(_dvmd_tls.o)
 COMMON         0x0c0014f8        0x8 ./44blib.o
                0x0c0014f8                fileSize
                0x0c0014fc                downPt
 COMMON         0x0c001500        0x4 ./led.o
                0x0c001500                led_state
                0x0c001504                Image_ZI_Limit = .
                0x0c001504                __bss_start__ = .
                0x0c001504                __bss_end__ = .
                0x0c001504                __EH_FRAME_BEGIN__ = .
                0x0c001504                __EH_FRAME_END__ = .
                0x0c001504                PROVIDE (__stack, .)
                0x0c001504                end = .
                0x0c001504                _end = .

.ARM.attributes
                0x00000000       0x2e
 .ARM.attributes
                0x00000000       0x22 ./44binit.o
 .ARM.attributes
                0x00000022       0x32 ./44blib.o
 .ARM.attributes
                0x00000054       0x32 ./8seg.o
 .ARM.attributes
                0x00000086       0x22 ./Eint4567_init.o
 .ARM.attributes
                0x000000a8       0x32 ./boton.o
 .ARM.attributes
                0x000000da       0x32 ./led.o
 .ARM.attributes
                0x0000010c       0x32 ./main.o
 .ARM.attributes
                0x0000013e       0x32 ./timer.o
 .ARM.attributes
                0x00000170       0x22 ./timer_init.o
 .ARM.attributes
                0x00000192       0x1a c:/software/electronica/arm/eclipsearm/sourcery-g++-lite-arm-2011.03/bin/../lib/gcc/arm-none-eabi/4.5.2\libgcc.a(_divsi3.o)
 .ARM.attributes
                0x000001ac       0x18 c:/software/electronica/arm/eclipsearm/sourcery-g++-lite-arm-2011.03/bin/../lib/gcc/arm-none-eabi/4.5.2\libgcc.a(_dvmd_tls.o)

.comment        0x00000000       0x2a
 .comment       0x00000000       0x2a ./44blib.o
                                 0x2b (size before relaxing)
 .comment       0x00000000       0x2b ./8seg.o
 .comment       0x00000000       0x2b ./boton.o
 .comment       0x00000000       0x2b ./led.o
 .comment       0x00000000       0x2b ./main.o
 .comment       0x00000000       0x2b ./timer.o

.debug_info     0x00000000      0x735
 *(.debug_info)
 .debug_info    0x00000000       0x67 ./44binit.o
 .debug_info    0x00000067      0x229 ./44blib.o
 .debug_info    0x00000290       0x97 ./8seg.o
 .debug_info    0x00000327       0x6d ./Eint4567_init.o
 .debug_info    0x00000394       0xfb ./boton.o
 .debug_info    0x0000048f      0x104 ./led.o
 .debug_info    0x00000593       0x7d ./main.o
 .debug_info    0x00000610       0xbb ./timer.o
 .debug_info    0x000006cb       0x6a ./timer_init.o

.debug_line     0x00000000      0x81e
 *(.debug_line)
 .debug_line    0x00000000      0x10e ./44binit.o
 .debug_line    0x0000010e      0x3d8 ./44blib.o
 .debug_line    0x000004e6       0x87 ./8seg.o
 .debug_line    0x0000056d       0x68 ./Eint4567_init.o
 .debug_line    0x000005d5       0x85 ./boton.o
 .debug_line    0x0000065a       0x84 ./led.o
 .debug_line    0x000006de       0x6e ./main.o
 .debug_line    0x0000074c       0x71 ./timer.o
 .debug_line    0x000007bd       0x61 ./timer_init.o

.debug_abbrev   0x00000000      0x3c8
 *(.debug_abbrev)
 .debug_abbrev  0x00000000       0x14 ./44binit.o
 .debug_abbrev  0x00000014      0x11f ./44blib.o
 .debug_abbrev  0x00000133       0x8a ./8seg.o
 .debug_abbrev  0x000001bd       0x14 ./Eint4567_init.o
 .debug_abbrev  0x000001d1       0x83 ./boton.o
 .debug_abbrev  0x00000254       0x7c ./led.o
 .debug_abbrev  0x000002d0       0x72 ./main.o
 .debug_abbrev  0x00000342       0x72 ./timer.o
 .debug_abbrev  0x000003b4       0x14 ./timer_init.o

.debug_frame    0x00000000      0x318
 *(.debug_frame)
 .debug_frame   0x00000000       0xd0 ./44blib.o
 .debug_frame   0x000000d0       0x50 ./8seg.o
 .debug_frame   0x00000120       0x5c ./boton.o
 .debug_frame   0x0000017c      0x110 ./led.o
 .debug_frame   0x0000028c       0x30 ./main.o
 .debug_frame   0x000002bc       0x3c ./timer.o
 .debug_frame   0x000002f8       0x20 c:/software/electronica/arm/eclipsearm/sourcery-g++-lite-arm-2011.03/bin/../lib/gcc/arm-none-eabi/4.5.2\libgcc.a(_divsi3.o)
OUTPUT(Practica2c.elf elf32-littlearm)

.debug_aranges  0x00000000      0x120
 .debug_aranges
                0x00000000       0x20 ./44binit.o
 .debug_aranges
                0x00000020       0x20 ./44blib.o
 .debug_aranges
                0x00000040       0x20 ./8seg.o
 .debug_aranges
                0x00000060       0x20 ./Eint4567_init.o
 .debug_aranges
                0x00000080       0x20 ./boton.o
 .debug_aranges
                0x000000a0       0x20 ./led.o
 .debug_aranges
                0x000000c0       0x20 ./main.o
 .debug_aranges
                0x000000e0       0x20 ./timer.o
 .debug_aranges
                0x00000100       0x20 ./timer_init.o

.debug_macinfo  0x00000000    0x21b96
 .debug_macinfo
                0x00000000     0x82fb ./44blib.o
 .debug_macinfo
                0x000082fb     0x55bf ./8seg.o
 .debug_macinfo
                0x0000d8ba     0x50f3 ./boton.o
 .debug_macinfo
                0x000129ad     0x50a3 ./led.o
 .debug_macinfo
                0x00017a50     0x50a3 ./main.o
 .debug_macinfo
                0x0001caf3     0x50a3 ./timer.o

.debug_loc      0x00000000      0x370
 .debug_loc     0x00000000      0x108 ./44blib.o
 .debug_loc     0x00000108       0x58 ./8seg.o
 .debug_loc     0x00000160       0x58 ./boton.o
 .debug_loc     0x000001b8      0x160 ./led.o
 .debug_loc     0x00000318       0x2c ./main.o
 .debug_loc     0x00000344       0x2c ./timer.o

.debug_pubnames
                0x00000000      0x1f9
 .debug_pubnames
                0x00000000       0x90 ./44blib.o
 .debug_pubnames
                0x00000090       0x3d ./8seg.o
 .debug_pubnames
                0x000000cd       0x5b ./boton.o
 .debug_pubnames
                0x00000128       0x8b ./led.o
 .debug_pubnames
                0x000001b3       0x26 ./main.o
 .debug_pubnames
                0x000001d9       0x20 ./timer.o

.debug_pubtypes
                0x00000000       0x12
 .debug_pubtypes
                0x00000000       0x12 ./44blib.o

.debug_str      0x00000000      0x231
 .debug_str     0x00000000      0x121 ./44blib.o
                                0x15f (size before relaxing)
 .debug_str     0x00000121       0x2f ./8seg.o
                                 0x77 (size before relaxing)
 .debug_str     0x00000150       0x4a ./boton.o
                                 0x92 (size before relaxing)
 .debug_str     0x0000019a       0x68 ./led.o
                                 0xa3 (size before relaxing)
 .debug_str     0x00000202       0x1a ./main.o
                                 0x5c (size before relaxing)
 .debug_str     0x0000021c       0x15 ./timer.o
                                 0x82 (size before relaxing)
