14:28:34 **** Incremental Build of configuration Debug for project Practica2 ****
cs-make all 
'Building file: ../boton.c'
'Invoking: ARM Sourcery Windows GCC C Compiler'
arm-none-eabi-gcc -O0 -Wall -Wa,-adhlns="boton.o.lst" -c -fmessage-length=0 -mapcs-frame -MMD -MP -MF"boton.d" -MT"boton.d" -mcpu=arm7tdmi -g3 -gdwarf-2 -o "boton.o" "../boton.c"
'Finished building: ../boton.c'
' '
'Building file: ../init.asm'
'Invoking: ARM Sourcery Windows GCC Assembler'
arm-none-eabi-gcc -x assembler-with-cpp -Wall -Wa,-adhlns="init.o.lst" -c -fmessage-length=0 -MMD -MP -MF"init.d" -MT"init.d" -mcpu=arm7tdmi -g3 -gdwarf-2 -o "init.o" "../init.asm"
'Finished building: ../init.asm'
' '
'Building file: ../led.c'
'Invoking: ARM Sourcery Windows GCC C Compiler'
arm-none-eabi-gcc -O0 -Wall -Wa,-adhlns="led.o.lst" -c -fmessage-length=0 -mapcs-frame -MMD -MP -MF"led.d" -MT"led.d" -mcpu=arm7tdmi -g3 -gdwarf-2 -o "led.o" "../led.c"
'Finished building: ../led.c'
' '
'Building file: ../main.c'
'Invoking: ARM Sourcery Windows GCC C Compiler'
arm-none-eabi-gcc -O0 -Wall -Wa,-adhlns="main.o.lst" -c -fmessage-length=0 -mapcs-frame -MMD -MP -MF"main.d" -MT"main.d" -mcpu=arm7tdmi -g3 -gdwarf-2 -o "main.o" "../main.c"
'Finished building: ../main.c'
' '
'Building target: Practica2.elf'
'Invoking: ARM Sourcery Windows GCC C Linker'
arm-none-eabi-gcc -T"C:\hlocal\EComp\EclipseARMwspace\Practica2\script.ld" -nostartfiles -Wl,-Map,Practica2.map -mcpu=arm7tdmi -g3 -gdwarf-2 -o "Practica2.elf"  ./boton.o ./init.o ./led.o ./main.o   
'Finished building target: Practica2.elf'
' '
'Invoking: ARM Sourcery Windows GNU Create Flash Image'
arm-none-eabi-objcopy -O binary Practica2.elf  "Practica2.hex"
'Finished building: Practica2.hex'
' '
'Invoking: ARM Sourcery Windows GNU Create Listing'
arm-none-eabi-objdump -h -S Practica2.elf > "Practica2.lst"
'Finished building: Practica2.lst'
' '
'Invoking: ARM Sourcery Windows GNU Print Size'
arm-none-eabi-size  --format=berkeley Practica2.elf
   text	   data	    bss	    dec	    hex	filename
   3216	      4	      8	   3228	    c9c	Practica2.elf
'Finished building: Practica2.siz'
' '
14:29:07 **** Clean-only build of configuration Debug for project Practica2 ****
cs-make clean 
cs-rm -rf  Practica2.siz  ./boton.o ./init.o ./led.o ./main.o  ./boton.d ./led.d ./main.d  ./init.d  Practica2.hex  Practica2.lst  Practica2.elf
' '
14:29:23 **** Build of configuration Debug for project Practica2 ****
cs-make all 
'Building file: ../boton.c'
'Invoking: ARM Sourcery Windows GCC C Compiler'
arm-none-eabi-gcc -O0 -Wall -Wa,-adhlns="boton.o.lst" -c -fmessage-length=0 -mapcs-frame -MMD -MP -MF"boton.d" -MT"boton.d" -mcpu=arm7tdmi -g3 -gdwarf-2 -o "boton.o" "../boton.c"
'Finished building: ../boton.c'
' '
'Building file: ../init.asm'
'Invoking: ARM Sourcery Windows GCC Assembler'
arm-none-eabi-gcc -x assembler-with-cpp -Wall -Wa,-adhlns="init.o.lst" -c -fmessage-length=0 -MMD -MP -MF"init.d" -MT"init.d" -mcpu=arm7tdmi -g3 -gdwarf-2 -o "init.o" "../init.asm"
'Finished building: ../init.asm'
' '
'Building file: ../led.c'
'Invoking: ARM Sourcery Windows GCC C Compiler'
arm-none-eabi-gcc -O0 -Wall -Wa,-adhlns="led.o.lst" -c -fmessage-length=0 -mapcs-frame -MMD -MP -MF"led.d" -MT"led.d" -mcpu=arm7tdmi -g3 -gdwarf-2 -o "led.o" "../led.c"
'Finished building: ../led.c'
' '
'Building file: ../main.c'
'Invoking: ARM Sourcery Windows GCC C Compiler'
arm-none-eabi-gcc -O0 -Wall -Wa,-adhlns="main.o.lst" -c -fmessage-length=0 -mapcs-frame -MMD -MP -MF"main.d" -MT"main.d" -mcpu=arm7tdmi -g3 -gdwarf-2 -o "main.o" "../main.c"
'Finished building: ../main.c'
' '
'Building target: Practica2.elf'
'Invoking: ARM Sourcery Windows GCC C Linker'
arm-none-eabi-gcc -T"C:\hlocal\EComp\EclipseARMwspace\Practica2\script.ld" -nostartfiles -Wl,-Map,Practica2.map -mcpu=arm7tdmi -g3 -gdwarf-2 -o "Practica2.elf"  ./boton.o ./init.o ./led.o ./main.o   
'Finished building target: Practica2.elf'
' '
'Invoking: ARM Sourcery Windows GNU Create Flash Image'
arm-none-eabi-objcopy -O binary Practica2.elf  "Practica2.hex"
'Finished building: Practica2.hex'
' '
'Invoking: ARM Sourcery Windows GNU Create Listing'
arm-none-eabi-objdump -h -S Practica2.elf > "Practica2.lst"
'Finished building: Practica2.lst'
' '
'Invoking: ARM Sourcery Windows GNU Print Size'
arm-none-eabi-size  --format=berkeley Practica2.elf
   text	   data	    bss	    dec	    hex	filename
   3216	      4	      8	   3228	    c9c	Practica2.elf
'Finished building: Practica2.siz'
' '
14:29:30 **** Incremental Build of configuration Debug for project Practica2 ****
cs-make all 
'Invoking: ARM Sourcery Windows GNU Print Size'
arm-none-eabi-size  --format=berkeley Practica2.elf
   text	   data	    bss	    dec	    hex	filename
   3216	      4	      8	   3228	    c9c	Practica2.elf
'Finished building: Practica2.siz'
' '
14:33:14 **** Build of configuration Debug for project Practica2b ****
cs-make all 
'Building file: ../boton.c'
'Invoking: ARM Sourcery Windows GCC C Compiler'
arm-none-eabi-gcc -O0 -Wall -Wa,-adhlns="boton.o.lst" -c -fmessage-length=0 -mapcs-frame -MMD -MP -MF"boton.d" -MT"boton.d" -mcpu=arm7tdmi -g3 -gdwarf-2 -o "boton.o" "../boton.c"
'Finished building: ../boton.c'
' '
'Building file: ../init.asm'
'Invoking: ARM Sourcery Windows GCC Assembler'
arm-none-eabi-gcc -x assembler-with-cpp -Wall -Wa,-adhlns="init.o.lst" -c -fmessage-length=0 -MMD -MP -MF"init.d" -MT"init.d" -mcpu=arm7tdmi -g3 -gdwarf-2 -o "init.o" "../init.asm"
'Finished building: ../init.asm'
' '
'Building file: ../led.c'
'Invoking: ARM Sourcery Windows GCC C Compiler'
arm-none-eabi-gcc -O0 -Wall -Wa,-adhlns="led.o.lst" -c -fmessage-length=0 -mapcs-frame -MMD -MP -MF"led.d" -MT"led.d" -mcpu=arm7tdmi -g3 -gdwarf-2 -o "led.o" "../led.c"
'Finished building: ../led.c'
' '
'Building file: ../main.c'
'Invoking: ARM Sourcery Windows GCC C Compiler'
arm-none-eabi-gcc -O0 -Wall -Wa,-adhlns="main.o.lst" -c -fmessage-length=0 -mapcs-frame -MMD -MP -MF"main.d" -MT"main.d" -mcpu=arm7tdmi -g3 -gdwarf-2 -o "main.o" "../main.c"
'Finished building: ../main.c'
' '
'Building target: Practica2b.elf'
'Invoking: ARM Sourcery Windows GCC C Linker'
arm-none-eabi-gcc -T"C:\hlocal\EComp\EclipseARMwspace\Practica2\script.ld" -nostartfiles -Wl,-Map,Practica2b.map -mcpu=arm7tdmi -g3 -gdwarf-2 -o "Practica2b.elf"  ./boton.o ./init.o ./led.o ./main.o   
'Finished building target: Practica2b.elf'
' '
'Invoking: ARM Sourcery Windows GNU Create Flash Image'
arm-none-eabi-objcopy -O binary Practica2b.elf  "Practica2b.hex"
'Finished building: Practica2b.hex'
' '
'Invoking: ARM Sourcery Windows GNU Create Listing'
arm-none-eabi-objdump -h -S Practica2b.elf > "Practica2b.lst"
'Finished building: Practica2b.lst'
' '
'Invoking: ARM Sourcery Windows GNU Print Size'
arm-none-eabi-size  --format=berkeley Practica2b.elf
   text	   data	    bss	    dec	    hex	filename
   3216	      4	      8	   3228	    c9c	Practica2b.elf
'Finished building: Practica2b.siz'
' '
14:33:38 **** Incremental Build of configuration Debug for project Practica2b ****
cs-make all 
'Invoking: ARM Sourcery Windows GNU Print Size'
arm-none-eabi-size  --format=berkeley Practica2b.elf
   text	   data	    bss	    dec	    hex	filename
   3216	      4	      8	   3228	    c9c	Practica2b.elf
'Finished building: Practica2b.siz'
' '
14:33:47 **** Incremental Build of configuration Debug for project Practica2b ****
cs-make all 
'Invoking: ARM Sourcery Windows GNU Print Size'
arm-none-eabi-size  --format=berkeley Practica2b.elf
   text	   data	    bss	    dec	    hex	filename
   3216	      4	      8	   3228	    c9c	Practica2b.elf
'Finished building: Practica2b.siz'
' '
14:35:32 **** Incremental Build of configuration Debug for project Practica2b ****
cs-make all 
'Invoking: ARM Sourcery Windows GNU Print Size'
arm-none-eabi-size  --format=berkeley Practica2b.elf
   text	   data	    bss	    dec	    hex	filename
   3216	      4	      8	   3228	    c9c	Practica2b.elf
'Finished building: Practica2b.siz'
' '
14:36:41 **** Incremental Build of configuration Debug for project Practica2b ****
cs-make all 
'Invoking: ARM Sourcery Windows GNU Print Size'
arm-none-eabi-size  --format=berkeley Practica2b.elf
   text	   data	    bss	    dec	    hex	filename
   3216	      4	      8	   3228	    c9c	Practica2b.elf
'Finished building: Practica2b.siz'
' '
14:37:05 **** Incremental Build of configuration Debug for project Practica2b ****
cs-make all 
'Invoking: ARM Sourcery Windows GNU Print Size'
arm-none-eabi-size  --format=berkeley Practica2b.elf
   text	   data	    bss	    dec	    hex	filename
   3216	      4	      8	   3228	    c9c	Practica2b.elf
'Finished building: Practica2b.siz'
' '
14:37:08 **** Incremental Build of configuration Debug for project Practica2b ****
cs-make all 
'Invoking: ARM Sourcery Windows GNU Print Size'
arm-none-eabi-size  --format=berkeley Practica2b.elf
   text	   data	    bss	    dec	    hex	filename
   3216	      4	      8	   3228	    c9c	Practica2b.elf
'Finished building: Practica2b.siz'
' '
14:37:16 **** Incremental Build of configuration Debug for project Practica2b ****
cs-make all 
'Invoking: ARM Sourcery Windows GNU Print Size'
arm-none-eabi-size  --format=berkeley Practica2b.elf
   text	   data	    bss	    dec	    hex	filename
   3216	      4	      8	   3228	    c9c	Practica2b.elf
'Finished building: Practica2b.siz'
' '
14:39:25 **** Incremental Build of configuration Debug for project Practica2b ****
cs-make all 
'Building file: ../boton.c'
'Invoking: ARM Sourcery Windows GCC C Compiler'
arm-none-eabi-gcc -O0 -Wall -Wa,-adhlns="boton.o.lst" -c -fmessage-length=0 -mapcs-frame -MMD -MP -MF"boton.d" -MT"boton.d" -mcpu=arm7tdmi -g3 -gdwarf-2 -o "boton.o" "../boton.c"
'Finished building: ../boton.c'
' '
'Building target: Practica2b.elf'
'Invoking: ARM Sourcery Windows GCC C Linker'
arm-none-eabi-gcc -T"C:\hlocal\EComp\EclipseARMwspace\Practica2\script.ld" -nostartfiles -Wl,-Map,Practica2b.map -mcpu=arm7tdmi -g3 -gdwarf-2 -o "Practica2b.elf"  ./boton.o ./init.o ./led.o ./main.o   
'Finished building target: Practica2b.elf'
' '
'Invoking: ARM Sourcery Windows GNU Create Flash Image'
arm-none-eabi-objcopy -O binary Practica2b.elf  "Practica2b.hex"
'Finished building: Practica2b.hex'
' '
'Invoking: ARM Sourcery Windows GNU Create Listing'
arm-none-eabi-objdump -h -S Practica2b.elf > "Practica2b.lst"
'Finished building: Practica2b.lst'
' '
'Invoking: ARM Sourcery Windows GNU Print Size'
arm-none-eabi-size  --format=berkeley Practica2b.elf
   text	   data	    bss	    dec	    hex	filename
   3116	      4	      8	   3128	    c38	Practica2b.elf
'Finished building: Practica2b.siz'
' '
14:39:31 **** Incremental Build of configuration Debug for project Practica2b ****
cs-make all 
'Invoking: ARM Sourcery Windows GNU Print Size'
arm-none-eabi-size  --format=berkeley Practica2b.elf
   text	   data	    bss	    dec	    hex	filename
   3116	      4	      8	   3128	    c38	Practica2b.elf
'Finished building: Practica2b.siz'
' '
14:39:36 **** Incremental Build of configuration Debug for project Practica2b ****
cs-make all 
'Invoking: ARM Sourcery Windows GNU Print Size'
arm-none-eabi-size  --format=berkeley Practica2b.elf
   text	   data	    bss	    dec	    hex	filename
   3116	      4	      8	   3128	    c38	Practica2b.elf
'Finished building: Practica2b.siz'
' '
14:40:53 **** Clean-only build of configuration Debug for project Practica2b ****
cs-make clean 
cs-rm -rf  Practica2b.siz  ./boton.o ./init.o ./led.o ./main.o  ./boton.d ./led.d ./main.d  ./init.d  Practica2b.hex  Practica2b.lst  Practica2b.elf
' '
14:40:53 **** Build of configuration Debug for project Practica2b ****
cs-make all 
'Building file: ../boton.c'
'Invoking: ARM Sourcery Windows GCC C Compiler'
arm-none-eabi-gcc -O0 -Wall -Wa,-adhlns="boton.o.lst" -c -fmessage-length=0 -mapcs-frame -MMD -MP -MF"boton.d" -MT"boton.d" -mcpu=arm7tdmi -g3 -gdwarf-2 -o "boton.o" "../boton.c"
'Finished building: ../boton.c'
' '
'Building file: ../init.asm'
'Invoking: ARM Sourcery Windows GCC Assembler'
arm-none-eabi-gcc -x assembler-with-cpp -Wall -Wa,-adhlns="init.o.lst" -c -fmessage-length=0 -MMD -MP -MF"init.d" -MT"init.d" -mcpu=arm7tdmi -g3 -gdwarf-2 -o "init.o" "../init.asm"
'Finished building: ../init.asm'
' '
'Building file: ../led.c'
'Invoking: ARM Sourcery Windows GCC C Compiler'
arm-none-eabi-gcc -O0 -Wall -Wa,-adhlns="led.o.lst" -c -fmessage-length=0 -mapcs-frame -MMD -MP -MF"led.d" -MT"led.d" -mcpu=arm7tdmi -g3 -gdwarf-2 -o "led.o" "../led.c"
'Finished building: ../led.c'
' '
'Building file: ../main.c'
'Invoking: ARM Sourcery Windows GCC C Compiler'
arm-none-eabi-gcc -O0 -Wall -Wa,-adhlns="main.o.lst" -c -fmessage-length=0 -mapcs-frame -MMD -MP -MF"main.d" -MT"main.d" -mcpu=arm7tdmi -g3 -gdwarf-2 -o "main.o" "../main.c"
'Finished building: ../main.c'
' '
'Building target: Practica2b.elf'
'Invoking: ARM Sourcery Windows GCC C Linker'
arm-none-eabi-gcc -T"C:\hlocal\EComp\EclipseARMwspace\Practica2\script.ld" -nostartfiles -Wl,-Map,Practica2b.map -mcpu=arm7tdmi -g3 -gdwarf-2 -o "Practica2b.elf"  ./boton.o ./init.o ./led.o ./main.o   
'Finished building target: Practica2b.elf'
' '
'Invoking: ARM Sourcery Windows GNU Create Flash Image'
arm-none-eabi-objcopy -O binary Practica2b.elf  "Practica2b.hex"
'Finished building: Practica2b.hex'
' '
'Invoking: ARM Sourcery Windows GNU Create Listing'
arm-none-eabi-objdump -h -S Practica2b.elf > "Practica2b.lst"
'Finished building: Practica2b.lst'
' '
'Invoking: ARM Sourcery Windows GNU Print Size'
arm-none-eabi-size  --format=berkeley Practica2b.elf
   text	   data	    bss	    dec	    hex	filename
   3116	      4	      8	   3128	    c38	Practica2b.elf
'Finished building: Practica2b.siz'
' '
14:40:58 **** Incremental Build of configuration Debug for project Practica2b ****
cs-make all 
'Invoking: ARM Sourcery Windows GNU Print Size'
arm-none-eabi-size  --format=berkeley Practica2b.elf
   text	   data	    bss	    dec	    hex	filename
   3116	      4	      8	   3128	    c38	Practica2b.elf
'Finished building: Practica2b.siz'
' '
14:41:03 **** Incremental Build of configuration Debug for project Practica2b ****
cs-make all 
'Invoking: ARM Sourcery Windows GNU Print Size'
arm-none-eabi-size  --format=berkeley Practica2b.elf
   text	   data	    bss	    dec	    hex	filename
   3116	      4	      8	   3128	    c38	Practica2b.elf
'Finished building: Practica2b.siz'
' '
14:41:10 **** Incremental Build of configuration Debug for project Practica2b ****
cs-make all 
'Invoking: ARM Sourcery Windows GNU Print Size'
arm-none-eabi-size  --format=berkeley Practica2b.elf
   text	   data	    bss	    dec	    hex	filename
   3116	      4	      8	   3128	    c38	Practica2b.elf
'Finished building: Practica2b.siz'
' '
